Java HotSpot(TM) 64-Bit Server VM (25.271-b09) for bsd-amd64 JRE (1.8.0_271-b09), built on Sep 16 2020 16:54:38 by "java_re" with gcc 4.2.1 Compatible Apple LLVM 10.0.0 (clang-1000.11.45.5)
Memory: 4k page, physical 16777216k(1011100k free)

/proc/meminfo:

CommandLine flags: -XX:InitialHeapSize=536870912 -XX:MaxHeapSize=536870912 -XX:MaxNewSize=178958336 -XX:MaxTenuringThreshold=6 -XX:NewSize=178958336 -XX:OldPLABSize=16 -XX:OldSize=357912576 -XX:+PrintGC -XX:+PrintGCDateStamps -XX:+PrintGCDetails -XX:+PrintGCTimeStamps -XX:+UseCompressedClassPointers -XX:+UseCompressedOops -XX:+UseConcMarkSweepGC -XX:+UseParNewGC 
2020-10-29T00:49:21.520-0800: 0.154: [GC (Allocation Failure) 2020-10-29T00:49:21.520-0800: 0.154: [ParNew: 139776K->17467K(157248K), 0.0176981 secs] 139776K->43730K(506816K), 0.0178514 secs] [Times: user=0.03 sys=0.11, real=0.01 secs] 
2020-10-29T00:49:21.559-0800: 0.193: [GC (Allocation Failure) 2020-10-29T00:49:21.559-0800: 0.193: [ParNew: 157243K->17462K(157248K), 0.0165242 secs] 183506K->88834K(506816K), 0.0166023 secs] [Times: user=0.04 sys=0.10, real=0.02 secs] 
2020-10-29T00:49:21.591-0800: 0.225: [GC (Allocation Failure) 2020-10-29T00:49:21.591-0800: 0.225: [ParNew: 157238K->17471K(157248K), 0.0216180 secs] 228610K->130587K(506816K), 0.0216936 secs] [Times: user=0.20 sys=0.01, real=0.02 secs] 
2020-10-29T00:49:21.631-0800: 0.265: [GC (Allocation Failure) 2020-10-29T00:49:21.631-0800: 0.265: [ParNew: 157247K->17472K(157248K), 0.0198473 secs] 270363K->172035K(506816K), 0.0199271 secs] [Times: user=0.18 sys=0.02, real=0.02 secs] 
2020-10-29T00:49:21.666-0800: 0.300: [GC (Allocation Failure) 2020-10-29T00:49:21.666-0800: 0.300: [ParNew: 157248K->17471K(157248K), 0.0205060 secs] 311811K->215035K(506816K), 0.0205832 secs] [Times: user=0.19 sys=0.01, real=0.02 secs] 
2020-10-29T00:49:21.687-0800: 0.321: [GC (CMS Initial Mark) [1 CMS-initial-mark: 197564K(349568K)] 218392K(506816K), 0.0002427 secs] [Times: user=0.00 sys=0.00, real=0.00 secs] 
2020-10-29T00:49:21.687-0800: 0.321: [CMS-concurrent-mark-start]
2020-10-29T00:49:21.689-0800: 0.323: [CMS-concurrent-mark: 0.002/0.002 secs] [Times: user=0.00 sys=0.00, real=0.00 secs] 
2020-10-29T00:49:21.689-0800: 0.323: [CMS-concurrent-preclean-start]
2020-10-29T00:49:21.690-0800: 0.324: [CMS-concurrent-preclean: 0.001/0.001 secs] [Times: user=0.01 sys=0.00, real=0.01 secs] 
2020-10-29T00:49:21.690-0800: 0.324: [CMS-concurrent-abortable-preclean-start]
2020-10-29T00:49:21.703-0800: 0.337: [GC (Allocation Failure) 2020-10-29T00:49:21.703-0800: 0.337: [ParNew: 157247K->17471K(157248K), 0.0265577 secs] 354811K->263000K(506816K), 0.0266297 secs] [Times: user=0.24 sys=0.02, real=0.02 secs] 
2020-10-29T00:49:21.743-0800: 0.377: [GC (Allocation Failure) 2020-10-29T00:49:21.743-0800: 0.377: [ParNew: 157247K->17470K(157248K), 0.0230233 secs] 402776K->307884K(506816K), 0.0231052 secs] [Times: user=0.21 sys=0.01, real=0.02 secs] 
2020-10-29T00:49:21.787-0800: 0.421: [GC (Allocation Failure) 2020-10-29T00:49:21.787-0800: 0.421: [ParNew: 156914K->17470K(157248K), 0.0257636 secs] 447327K->355042K(506816K), 0.0258433 secs] [Times: user=0.24 sys=0.01, real=0.03 secs] 
2020-10-29T00:49:21.813-0800: 0.447: [CMS-concurrent-abortable-preclean: 0.003/0.123 secs] [Times: user=0.74 sys=0.04, real=0.12 secs] 
2020-10-29T00:49:21.813-0800: 0.447: [GC (CMS Final Remark) [YG occupancy: 20795 K (157248 K)]2020-10-29T00:49:21.813-0800: 0.447: [Rescan (parallel) , 0.0003925 secs]2020-10-29T00:49:21.814-0800: 0.448: [weak refs processing, 0.0000433 secs]2020-10-29T00:49:21.814-0800: 0.448: [class unloading, 0.0003232 secs]2020-10-29T00:49:21.814-0800: 0.448: [scrub symbol table, 0.0003268 secs]2020-10-29T00:49:21.814-0800: 0.448: [scrub string table, 0.0001104 secs][1 CMS-remark: 337572K(349568K)] 358367K(506816K), 0.0013493 secs] [Times: user=0.00 sys=0.01, real=0.00 secs] 
2020-10-29T00:49:21.815-0800: 0.449: [CMS-concurrent-sweep-start]
2020-10-29T00:49:21.815-0800: 0.449: [CMS-concurrent-sweep: 0.001/0.001 secs] [Times: user=0.00 sys=0.00, real=0.00 secs] 
2020-10-29T00:49:21.815-0800: 0.449: [CMS-concurrent-reset-start]
2020-10-29T00:49:21.816-0800: 0.450: [CMS-concurrent-reset: 0.001/0.001 secs] [Times: user=0.00 sys=0.00, real=0.00 secs] 
2020-10-29T00:49:21.833-0800: 0.467: [GC (Allocation Failure) 2020-10-29T00:49:21.833-0800: 0.467: [ParNew: 157246K->17470K(157248K), 0.0138022 secs] 456062K->361612K(506816K), 0.0138801 secs] [Times: user=0.13 sys=0.00, real=0.01 secs] 
2020-10-29T00:49:21.847-0800: 0.481: [GC (CMS Initial Mark) [1 CMS-initial-mark: 344142K(349568K)] 365118K(506816K), 0.0002508 secs] [Times: user=0.00 sys=0.00, real=0.00 secs] 
2020-10-29T00:49:21.847-0800: 0.481: [CMS-concurrent-mark-start]
2020-10-29T00:49:21.848-0800: 0.482: [CMS-concurrent-mark: 0.001/0.001 secs] [Times: user=0.00 sys=0.00, real=0.00 secs] 
2020-10-29T00:49:21.848-0800: 0.482: [CMS-concurrent-preclean-start]
2020-10-29T00:49:21.849-0800: 0.483: [CMS-concurrent-preclean: 0.001/0.001 secs] [Times: user=0.00 sys=0.00, real=0.00 secs] 
2020-10-29T00:49:21.849-0800: 0.483: [CMS-concurrent-abortable-preclean-start]
2020-10-29T00:49:21.849-0800: 0.483: [CMS-concurrent-abortable-preclean: 0.000/0.000 secs] [Times: user=0.00 sys=0.00, real=0.00 secs] 
2020-10-29T00:49:21.849-0800: 0.483: [GC (CMS Final Remark) [YG occupancy: 26872 K (157248 K)]2020-10-29T00:49:21.849-0800: 0.483: [Rescan (parallel) , 0.0002932 secs]2020-10-29T00:49:21.849-0800: 0.483: [weak refs processing, 0.0000141 secs]2020-10-29T00:49:21.849-0800: 0.483: [class unloading, 0.0001820 secs]2020-10-29T00:49:21.849-0800: 0.483: [scrub symbol table, 0.0002793 secs]2020-10-29T00:49:21.850-0800: 0.483: [scrub string table, 0.0001318 secs][1 CMS-remark: 344142K(349568K)] 371015K(506816K), 0.0009609 secs] [Times: user=0.00 sys=0.00, real=0.01 secs] 
2020-10-29T00:49:21.850-0800: 0.484: [CMS-concurrent-sweep-start]
2020-10-29T00:49:21.850-0800: 0.484: [CMS-concurrent-sweep: 0.001/0.001 secs] [Times: user=0.00 sys=0.00, real=0.00 secs] 
2020-10-29T00:49:21.850-0800: 0.484: [CMS-concurrent-reset-start]
2020-10-29T00:49:21.851-0800: 0.485: [CMS-concurrent-reset: 0.000/0.000 secs] [Times: user=0.00 sys=0.00, real=0.00 secs] 
2020-10-29T00:49:21.869-0800: 0.503: [GC (Allocation Failure) 2020-10-29T00:49:21.869-0800: 0.503: [ParNew: 157246K->17471K(157248K), 0.0114577 secs] 397806K->306196K(506816K), 0.0115361 secs] [Times: user=0.11 sys=0.00, real=0.02 secs] 
2020-10-29T00:49:21.881-0800: 0.515: [GC (CMS Initial Mark) [1 CMS-initial-mark: 288724K(349568K)] 306340K(506816K), 0.0001904 secs] [Times: user=0.00 sys=0.00, real=0.00 secs] 
2020-10-29T00:49:21.881-0800: 0.515: [CMS-concurrent-mark-start]
2020-10-29T00:49:21.882-0800: 0.516: [CMS-concurrent-mark: 0.001/0.001 secs] [Times: user=0.00 sys=0.00, real=0.00 secs] 
2020-10-29T00:49:21.882-0800: 0.516: [CMS-concurrent-preclean-start]
2020-10-29T00:49:21.882-0800: 0.516: [CMS-concurrent-preclean: 0.001/0.001 secs] [Times: user=0.00 sys=0.00, real=0.00 secs] 
2020-10-29T00:49:21.882-0800: 0.516: [CMS-concurrent-abortable-preclean-start]
2020-10-29T00:49:21.897-0800: 0.531: [GC (Allocation Failure) 2020-10-29T00:49:21.897-0800: 0.531: [ParNew: 157247K->17471K(157248K), 0.0120753 secs] 445972K->359299K(506816K), 0.0121583 secs] [Times: user=0.12 sys=0.00, real=0.02 secs] 
2020-10-29T00:49:21.910-0800: 0.543: [CMS-concurrent-abortable-preclean: 0.001/0.027 secs] [Times: user=0.14 sys=0.00, real=0.03 secs] 
2020-10-29T00:49:21.910-0800: 0.544: [GC (CMS Final Remark) [YG occupancy: 17759 K (157248 K)]2020-10-29T00:49:21.910-0800: 0.544: [Rescan (parallel) , 0.0003196 secs]2020-10-29T00:49:21.910-0800: 0.544: [weak refs processing, 0.0000149 secs]2020-10-29T00:49:21.910-0800: 0.544: [class unloading, 0.0001884 secs]2020-10-29T00:49:21.910-0800: 0.544: [scrub symbol table, 0.0002841 secs]2020-10-29T00:49:21.911-0800: 0.544: [scrub string table, 0.0001335 secs][1 CMS-remark: 341828K(349568K)] 359587K(506816K), 0.0010008 secs] [Times: user=0.00 sys=0.00, real=0.00 secs] 
2020-10-29T00:49:21.911-0800: 0.545: [CMS-concurrent-sweep-start]
2020-10-29T00:49:21.911-0800: 0.545: [CMS-concurrent-sweep: 0.001/0.001 secs] [Times: user=0.00 sys=0.00, real=0.00 secs] 
2020-10-29T00:49:21.911-0800: 0.545: [CMS-concurrent-reset-start]
2020-10-29T00:49:21.912-0800: 0.546: [CMS-concurrent-reset: 0.000/0.000 secs] [Times: user=0.00 sys=0.00, real=0.00 secs] 
2020-10-29T00:49:21.929-0800: 0.563: [GC (Allocation Failure) 2020-10-29T00:49:21.929-0800: 0.563: [ParNew: 157247K->157247K(157248K), 0.0000181 secs]2020-10-29T00:49:21.929-0800: 0.563: [CMS: 312973K->306569K(349568K), 0.0579584 secs] 470220K->306569K(506816K), [Metaspace: 2725K->2725K(1056768K)], 0.0580736 secs] [Times: user=0.06 sys=0.00, real=0.06 secs] 
2020-10-29T00:49:21.987-0800: 0.621: [GC (CMS Initial Mark) [1 CMS-initial-mark: 306569K(349568K)] 309454K(506816K), 0.0002075 secs] [Times: user=0.00 sys=0.00, real=0.00 secs] 
2020-10-29T00:49:21.988-0800: 0.622: [CMS-concurrent-mark-start]
2020-10-29T00:49:21.989-0800: 0.622: [CMS-concurrent-mark: 0.001/0.001 secs] [Times: user=0.00 sys=0.00, real=0.00 secs] 
2020-10-29T00:49:21.989-0800: 0.622: [CMS-concurrent-preclean-start]
2020-10-29T00:49:21.989-0800: 0.623: [CMS-concurrent-preclean: 0.001/0.001 secs] [Times: user=0.00 sys=0.00, real=0.00 secs] 
2020-10-29T00:49:21.989-0800: 0.623: [CMS-concurrent-abortable-preclean-start]
2020-10-29T00:49:22.006-0800: 0.639: [GC (Allocation Failure) 2020-10-29T00:49:22.006-0800: 0.640: [ParNew: 139776K->17466K(157248K), 0.0062785 secs] 446345K->349075K(506816K), 0.0063575 secs] [Times: user=0.06 sys=0.00, real=0.01 secs] 
2020-10-29T00:49:22.013-0800: 0.647: [CMS-concurrent-abortable-preclean: 0.001/0.024 secs] [Times: user=0.08 sys=0.00, real=0.03 secs] 
2020-10-29T00:49:22.013-0800: 0.647: [GC (CMS Final Remark) [YG occupancy: 23905 K (157248 K)]2020-10-29T00:49:22.013-0800: 0.647: [Rescan (parallel) , 0.0002753 secs]2020-10-29T00:49:22.013-0800: 0.647: [weak refs processing, 0.0000137 secs]2020-10-29T00:49:22.013-0800: 0.647: [class unloading, 0.0001871 secs]2020-10-29T00:49:22.013-0800: 0.647: [scrub symbol table, 0.0003055 secs]2020-10-29T00:49:22.014-0800: 0.648: [scrub string table, 0.0001349 secs][1 CMS-remark: 331608K(349568K)] 355513K(506816K), 0.0009787 secs] [Times: user=0.00 sys=0.00, real=0.00 secs] 
2020-10-29T00:49:22.014-0800: 0.648: [CMS-concurrent-sweep-start]
2020-10-29T00:49:22.014-0800: 0.648: [CMS-concurrent-sweep: 0.000/0.000 secs] [Times: user=0.00 sys=0.00, real=0.00 secs] 
2020-10-29T00:49:22.014-0800: 0.648: [CMS-concurrent-reset-start]
2020-10-29T00:49:22.015-0800: 0.648: [CMS-concurrent-reset: 0.000/0.000 secs] [Times: user=0.00 sys=0.00, real=0.00 secs] 
2020-10-29T00:49:22.029-0800: 0.663: [GC (Allocation Failure) 2020-10-29T00:49:22.029-0800: 0.663: [ParNew: 157242K->157242K(157248K), 0.0000197 secs]2020-10-29T00:49:22.029-0800: 0.663: [CMS: 330985K->328433K(349568K), 0.0444338 secs] 488228K->328433K(506816K), [Metaspace: 2725K->2725K(1056768K)], 0.0445596 secs] [Times: user=0.04 sys=0.01, real=0.05 secs] 
2020-10-29T00:49:22.074-0800: 0.708: [GC (CMS Initial Mark) [1 CMS-initial-mark: 328433K(349568K)] 331659K(506816K), 0.0002447 secs] [Times: user=0.00 sys=0.00, real=0.00 secs] 
2020-10-29T00:49:22.074-0800: 0.708: [CMS-concurrent-mark-start]
2020-10-29T00:49:22.075-0800: 0.709: [CMS-concurrent-mark: 0.001/0.001 secs] [Times: user=0.00 sys=0.00, real=0.00 secs] 
2020-10-29T00:49:22.075-0800: 0.709: [CMS-concurrent-preclean-start]
2020-10-29T00:49:22.076-0800: 0.710: [CMS-concurrent-preclean: 0.001/0.001 secs] [Times: user=0.00 sys=0.00, real=0.00 secs] 
2020-10-29T00:49:22.076-0800: 0.710: [CMS-concurrent-abortable-preclean-start]
2020-10-29T00:49:22.105-0800: 0.739: [GC (Allocation Failure) 2020-10-29T00:49:22.105-0800: 0.739: [ParNew (promotion failed): 139776K->157245K(157248K), 0.0068652 secs]2020-10-29T00:49:22.112-0800: 0.746: [CMS2020-10-29T00:49:22.112-0800: 0.746: [CMS-concurrent-abortable-preclean: 0.001/0.036 secs] [Times: user=0.10 sys=0.00, real=0.04 secs] 
 (concurrent mode failure): 349327K->331885K(349568K), 0.0452829 secs] 468209K->331885K(506816K), [Metaspace: 2725K->2725K(1056768K)], 0.0522733 secs] [Times: user=0.10 sys=0.00, real=0.05 secs] 
2020-10-29T00:49:22.178-0800: 0.812: [GC (Allocation Failure) 2020-10-29T00:49:22.178-0800: 0.812: [ParNew: 139776K->139776K(157248K), 0.0000209 secs]2020-10-29T00:49:22.178-0800: 0.812: [CMS: 331885K->333380K(349568K), 0.0501725 secs] 471661K->333380K(506816K), [Metaspace: 2725K->2725K(1056768K)], 0.0503213 secs] [Times: user=0.05 sys=0.00, real=0.05 secs] 
2020-10-29T00:49:22.229-0800: 0.862: [GC (CMS Initial Mark) [1 CMS-initial-mark: 333380K(349568K)] 333668K(506816K), 0.0002093 secs] [Times: user=0.00 sys=0.00, real=0.00 secs] 
2020-10-29T00:49:22.229-0800: 0.863: [CMS-concurrent-mark-start]
2020-10-29T00:49:22.230-0800: 0.864: [CMS-concurrent-mark: 0.001/0.001 secs] [Times: user=0.01 sys=0.00, real=0.01 secs] 
2020-10-29T00:49:22.230-0800: 0.864: [CMS-concurrent-preclean-start]
2020-10-29T00:49:22.230-0800: 0.864: [CMS-concurrent-preclean: 0.001/0.001 secs] [Times: user=0.00 sys=0.00, real=0.00 secs] 
2020-10-29T00:49:22.230-0800: 0.864: [CMS-concurrent-abortable-preclean-start]
2020-10-29T00:49:22.248-0800: 0.882: [GC (Allocation Failure) 2020-10-29T00:49:22.248-0800: 0.882: [ParNew: 139776K->139776K(157248K), 0.0000186 secs]2020-10-29T00:49:22.248-0800: 0.882: [CMS2020-10-29T00:49:22.248-0800: 0.882: [CMS-concurrent-abortable-preclean: 0.001/0.018 secs] [Times: user=0.02 sys=0.00, real=0.01 secs] 
 (concurrent mode failure): 333380K->334337K(349568K), 0.0447446 secs] 473156K->334337K(506816K), [Metaspace: 2725K->2725K(1056768K)], 0.0448596 secs] [Times: user=0.04 sys=0.00, real=0.05 secs] 
2020-10-29T00:49:22.313-0800: 0.947: [GC (Allocation Failure) 2020-10-29T00:49:22.313-0800: 0.947: [ParNew (promotion failed): 139776K->157247K(157248K), 0.0048030 secs]2020-10-29T00:49:22.318-0800: 0.952: [CMS: 349098K->343603K(349568K), 0.0502077 secs] 474113K->343603K(506816K), [Metaspace: 2725K->2725K(1056768K)], 0.0551217 secs] [Times: user=0.09 sys=0.00, real=0.05 secs] 
2020-10-29T00:49:22.368-0800: 1.002: [GC (CMS Initial Mark) [1 CMS-initial-mark: 343603K(349568K)] 343822K(506816K), 0.0002265 secs] [Times: user=0.00 sys=0.00, real=0.00 secs] 
2020-10-29T00:49:22.369-0800: 1.002: [CMS-concurrent-mark-start]
2020-10-29T00:49:22.370-0800: 1.003: [CMS-concurrent-mark: 0.001/0.001 secs] [Times: user=0.01 sys=0.00, real=0.01 secs] 
2020-10-29T00:49:22.370-0800: 1.003: [CMS-concurrent-preclean-start]
2020-10-29T00:49:22.370-0800: 1.004: [CMS-concurrent-preclean: 0.001/0.001 secs] [Times: user=0.00 sys=0.00, real=0.00 secs] 
2020-10-29T00:49:22.370-0800: 1.004: [CMS-concurrent-abortable-preclean-start]
2020-10-29T00:49:22.370-0800: 1.004: [CMS-concurrent-abortable-preclean: 0.000/0.000 secs] [Times: user=0.00 sys=0.00, real=0.00 secs] 
2020-10-29T00:49:22.370-0800: 1.004: [GC (CMS Final Remark) [YG occupancy: 11042 K (157248 K)]2020-10-29T00:49:22.370-0800: 1.004: [Rescan (parallel) , 0.0003090 secs]2020-10-29T00:49:22.371-0800: 1.004: [weak refs processing, 0.0000133 secs]2020-10-29T00:49:22.371-0800: 1.004: [class unloading, 0.0002236 secs]2020-10-29T00:49:22.371-0800: 1.005: [scrub symbol table, 0.0002993 secs]2020-10-29T00:49:22.371-0800: 1.005: [scrub string table, 0.0001350 secs][1 CMS-remark: 343603K(349568K)] 354646K(506816K), 0.0010450 secs] [Times: user=0.00 sys=0.00, real=0.00 secs] 
2020-10-29T00:49:22.371-0800: 1.005: [CMS-concurrent-sweep-start]
2020-10-29T00:49:22.372-0800: 1.006: [CMS-concurrent-sweep: 0.000/0.000 secs] [Times: user=0.00 sys=0.00, real=0.00 secs] 
2020-10-29T00:49:22.372-0800: 1.006: [CMS-concurrent-reset-start]
2020-10-29T00:49:22.372-0800: 1.006: [CMS-concurrent-reset: 0.000/0.000 secs] [Times: user=0.00 sys=0.00, real=0.00 secs] 
2020-10-29T00:49:22.390-0800: 1.024: [GC (Allocation Failure) 2020-10-29T00:49:22.390-0800: 1.024: [ParNew: 139776K->139776K(157248K), 0.0000186 secs]2020-10-29T00:49:22.390-0800: 1.024: [CMS: 343603K->345553K(349568K), 0.0464287 secs] 483379K->345553K(506816K), [Metaspace: 2725K->2725K(1056768K)], 0.0465336 secs] [Times: user=0.05 sys=0.00, real=0.04 secs] 
2020-10-29T00:49:22.437-0800: 1.071: [GC (CMS Initial Mark) [1 CMS-initial-mark: 345553K(349568K)] 345589K(506816K), 0.0002187 secs] [Times: user=0.00 sys=0.00, real=0.00 secs] 
2020-10-29T00:49:22.437-0800: 1.071: [CMS-concurrent-mark-start]
2020-10-29T00:49:22.438-0800: 1.072: [CMS-concurrent-mark: 0.001/0.001 secs] [Times: user=0.00 sys=0.00, real=0.00 secs] 
2020-10-29T00:49:22.438-0800: 1.072: [CMS-concurrent-preclean-start]
2020-10-29T00:49:22.439-0800: 1.072: [CMS-concurrent-preclean: 0.001/0.001 secs] [Times: user=0.00 sys=0.00, real=0.00 secs] 
2020-10-29T00:49:22.439-0800: 1.073: [CMS-concurrent-abortable-preclean-start]
2020-10-29T00:49:22.439-0800: 1.073: [CMS-concurrent-abortable-preclean: 0.000/0.000 secs] [Times: user=0.00 sys=0.00, real=0.00 secs] 
2020-10-29T00:49:22.439-0800: 1.073: [GC (CMS Final Remark) [YG occupancy: 8529 K (157248 K)]2020-10-29T00:49:22.439-0800: 1.073: [Rescan (parallel) , 0.0002711 secs]2020-10-29T00:49:22.439-0800: 1.073: [weak refs processing, 0.0000150 secs]2020-10-29T00:49:22.439-0800: 1.073: [class unloading, 0.0001721 secs]2020-10-29T00:49:22.439-0800: 1.073: [scrub symbol table, 0.0002868 secs]2020-10-29T00:49:22.440-0800: 1.073: [scrub string table, 0.0001360 secs][1 CMS-remark: 345553K(349568K)] 354083K(506816K), 0.0009507 secs] [Times: user=0.00 sys=0.00, real=0.01 secs] 
2020-10-29T00:49:22.440-0800: 1.074: [CMS-concurrent-sweep-start]
Heap
 par new generation   total 157248K, used 8529K [0x00000007a0000000, 0x00000007aaaa0000, 0x00000007aaaa0000)
  eden space 139776K,   6% used [0x00000007a0000000, 0x00000007a0854668, 0x00000007a8880000)
  from space 17472K,   0% used [0x00000007a8880000, 0x00000007a8880000, 0x00000007a9990000)
  to   space 17472K,   0% used [0x00000007a9990000, 0x00000007a9990000, 0x00000007aaaa0000)
 concurrent mark-sweep generation total 349568K, used 345553K [0x00000007aaaa0000, 0x00000007c0000000, 0x00000007c0000000)
 Metaspace       used 2732K, capacity 4486K, committed 4864K, reserved 1056768K
  class space    used 296K, capacity 386K, committed 512K, reserved 1048576K
