Java HotSpot(TM) 64-Bit Server VM (25.271-b09) for bsd-amd64 JRE (1.8.0_271-b09), built on Sep 16 2020 16:54:38 by "java_re" with gcc 4.2.1 Compatible Apple LLVM 10.0.0 (clang-1000.11.45.5)
Memory: 4k page, physical 16777216k(916448k free)

/proc/meminfo:

CommandLine flags: -XX:InitialHeapSize=134217728 -XX:MaxHeapSize=134217728 -XX:MaxNewSize=44740608 -XX:MaxTenuringThreshold=6 -XX:NewSize=44740608 -XX:OldPLABSize=16 -XX:OldSize=89477120 -XX:+PrintGC -XX:+PrintGCDateStamps -XX:+PrintGCTimeStamps -XX:+UseCompressedClassPointers -XX:+UseCompressedOops -XX:+UseConcMarkSweepGC -XX:+UseParNewGC 
2020-10-29T00:55:14.155-0800: 0.093: [GC (Allocation Failure)  34585K->12998K(126720K), 0.0039131 secs]
2020-10-29T00:55:14.166-0800: 0.104: [GC (Allocation Failure)  47696K->24246K(126720K), 0.0047458 secs]
2020-10-29T00:55:14.176-0800: 0.114: [GC (Allocation Failure)  59046K->38677K(126720K), 0.0074726 secs]
2020-10-29T00:55:14.187-0800: 0.126: [GC (Allocation Failure)  73621K->51449K(126720K), 0.0066962 secs]
2020-10-29T00:55:14.194-0800: 0.132: [GC (CMS Initial Mark)  52308K(126720K), 0.0001885 secs]
2020-10-29T00:55:14.200-0800: 0.138: [GC (Allocation Failure)  86308K->63580K(126720K), 0.0064301 secs]
2020-10-29T00:55:14.211-0800: 0.150: [GC (Allocation Failure)  98524K->73851K(126720K), 0.0056690 secs]
2020-10-29T00:55:14.220-0800: 0.159: [GC (Allocation Failure)  108788K->86523K(126720K), 0.0068300 secs]
2020-10-29T00:55:14.232-0800: 0.170: [Full GC (Allocation Failure)  121467K->91237K(126720K), 0.0140773 secs]
2020-10-29T00:55:14.250-0800: 0.189: [Full GC (Allocation Failure)  126145K->96167K(126720K), 0.0116261 secs]
2020-10-29T00:55:14.262-0800: 0.201: [GC (CMS Initial Mark)  97886K(126720K), 0.0002176 secs]
2020-10-29T00:55:14.263-0800: 0.202: [GC (CMS Final Remark)  104767K(126720K), 0.0008416 secs]
2020-10-29T00:55:14.267-0800: 0.206: [Full GC (Allocation Failure)  126473K->104082K(126720K), 0.0107714 secs]
2020-10-29T00:55:14.278-0800: 0.217: [GC (CMS Initial Mark)  105159K(126720K), 0.0002473 secs]
2020-10-29T00:55:14.279-0800: 0.218: [GC (CMS Final Remark)  111134K(126720K), 0.0008871 secs]
2020-10-29T00:55:14.283-0800: 0.221: [Full GC (Allocation Failure)  125999K->110191K(126720K), 0.0127946 secs]
2020-10-29T00:55:14.296-0800: 0.234: [GC (CMS Initial Mark)  110479K(126720K), 0.0002573 secs]
2020-10-29T00:55:14.297-0800: 0.236: [GC (CMS Final Remark)  114111K(126720K), 0.0009254 secs]
2020-10-29T00:55:14.301-0800: 0.239: [Full GC (Allocation Failure)  126174K->114558K(126720K), 0.0124196 secs]
2020-10-29T00:55:14.314-0800: 0.252: [GC (CMS Initial Mark)  115392K(126720K), 0.0002942 secs]
2020-10-29T00:55:14.315-0800: 0.254: [GC (CMS Final Remark)  122826K(126720K), 0.0008772 secs]
2020-10-29T00:55:14.317-0800: 0.255: [Full GC (Allocation Failure)  126454K->116987K(126720K), 0.0091260 secs]
2020-10-29T00:55:14.328-0800: 0.266: [Full GC (Allocation Failure)  126567K->119572K(126720K), 0.0131167 secs]
2020-10-29T00:55:14.341-0800: 0.279: [GC (CMS Initial Mark)  120866K(126720K), 0.0002820 secs]
2020-10-29T00:55:14.342-0800: 0.281: [GC (CMS Final Remark)  126426K(126720K), 0.0010947 secs]
2020-10-29T00:55:14.344-0800: 0.282: [Full GC (Allocation Failure)  126426K->121950K(126720K), 0.0091140 secs]
2020-10-29T00:55:14.354-0800: 0.292: [Full GC (Allocation Failure)  126334K->122785K(126720K), 0.0094366 secs]
2020-10-29T00:55:14.363-0800: 0.302: [GC (CMS Initial Mark)  123524K(126720K), 0.0002780 secs]
2020-10-29T00:55:14.365-0800: 0.303: [Full GC (Allocation Failure)  126473K->123209K(126720K), 0.0017553 secs]
2020-10-29T00:55:14.367-0800: 0.306: [Full GC (Allocation Failure)  126426K->123406K(126720K), 0.0019826 secs]
2020-10-29T00:55:14.370-0800: 0.308: [GC (CMS Initial Mark)  123830K(126720K), 0.0002290 secs]
2020-10-29T00:55:14.371-0800: 0.309: [Full GC (Allocation Failure)  126341K->123896K(126720K), 0.0105678 secs]
2020-10-29T00:55:14.382-0800: 0.320: [Full GC (Allocation Failure)  126148K->124854K(126720K), 0.0056284 secs]
2020-10-29T00:55:14.388-0800: 0.326: [GC (CMS Initial Mark)  125634K(126720K), 0.0002302 secs]
2020-10-29T00:55:14.390-0800: 0.328: [Full GC (Allocation Failure)  126470K->124854K(126720K), 0.0017952 secs]
2020-10-29T00:55:14.393-0800: 0.331: [Full GC (Allocation Failure)  126416K->125107K(126720K), 0.0125760 secs]
2020-10-29T00:55:14.406-0800: 0.344: [GC (CMS Initial Mark)  125395K(126720K), 0.0002036 secs]
2020-10-29T00:55:14.408-0800: 0.346: [Full GC (Allocation Failure)  126564K->125240K(126720K), 0.0106399 secs]
2020-10-29T00:55:14.419-0800: 0.357: [Full GC (Allocation Failure)  126318K->125442K(126720K), 0.0081838 secs]
2020-10-29T00:55:14.427-0800: 0.366: [GC (CMS Initial Mark)  125766K(126720K), 0.0002297 secs]
2020-10-29T00:55:14.429-0800: 0.368: [Full GC (Allocation Failure)  126271K->125847K(126720K), 0.0016056 secs]
2020-10-29T00:55:14.431-0800: 0.370: [Full GC (Allocation Failure)  126313K->125931K(126720K), 0.0013388 secs]
2020-10-29T00:55:14.433-0800: 0.371: [GC (CMS Initial Mark)  126349K(126720K), 0.0002259 secs]
2020-10-29T00:55:14.435-0800: 0.373: [Full GC (Allocation Failure)  126672K->126065K(126720K), 0.0016452 secs]
2020-10-29T00:55:14.437-0800: 0.375: [Full GC (Allocation Failure)  126650K->126029K(126720K), 0.0012988 secs]
2020-10-29T00:55:14.438-0800: 0.377: [GC (CMS Initial Mark)  126101K(126720K), 0.0002001 secs]
2020-10-29T00:55:14.440-0800: 0.379: [Full GC (Allocation Failure)  126448K->125993K(126720K), 0.0014738 secs]
2020-10-29T00:55:14.442-0800: 0.381: [Full GC (Allocation Failure)  126544K->126395K(126720K), 0.0012354 secs]
2020-10-29T00:55:14.444-0800: 0.382: [Full GC (Allocation Failure)  126395K->126375K(126720K), 0.0113882 secs]
2020-10-29T00:55:14.455-0800: 0.394: [GC (CMS Initial Mark)  126375K(126720K), 0.0002459 secs]
2020-10-29T00:55:14.456-0800: 0.395: [GC (CMS Final Remark)  126388K(126720K), 0.0008138 secs]
