Java HotSpot(TM) 64-Bit Server VM (25.271-b09) for bsd-amd64 JRE (1.8.0_271-b09), built on Sep 16 2020 16:54:38 by "java_re" with gcc 4.2.1 Compatible Apple LLVM 10.0.0 (clang-1000.11.45.5)
Memory: 4k page, physical 16777216k(697960k free)

/proc/meminfo:

CommandLine flags: -XX:InitialHeapSize=134217728 -XX:MaxHeapSize=134217728 -XX:+PrintGC -XX:+PrintGCDateStamps -XX:+PrintGCTimeStamps -XX:+UseCompressedClassPointers -XX:+UseCompressedOops -XX:+UseG1GC 
2020-10-29T00:53:42.243-0800: 0.089: [GC pause (G1 Evacuation Pause) (young) 30M->8419K(128M), 0.0029455 secs]
2020-10-29T00:53:42.256-0800: 0.102: [GC pause (G1 Evacuation Pause) (young) 41M->18M(128M), 0.0049239 secs]
2020-10-29T00:53:42.272-0800: 0.118: [GC pause (G1 Evacuation Pause) (young) 62M->33M(128M), 0.0059306 secs]
2020-10-29T00:53:42.290-0800: 0.136: [GC pause (G1 Humongous Allocation) (young) (initial-mark) 81M->49M(128M), 0.0050207 secs]
2020-10-29T00:53:42.295-0800: 0.141: [GC concurrent-root-region-scan-start]
2020-10-29T00:53:42.295-0800: 0.141: [GC concurrent-root-region-scan-end, 0.0000835 secs]
2020-10-29T00:53:42.295-0800: 0.141: [GC concurrent-mark-start]
2020-10-29T00:53:42.295-0800: 0.141: [GC concurrent-mark-end, 0.0004535 secs]
2020-10-29T00:53:42.295-0800: 0.142: [GC remark, 0.0009443 secs]
2020-10-29T00:53:42.296-0800: 0.143: [GC cleanup 54M->54M(128M), 0.0005431 secs]
2020-10-29T00:53:42.305-0800: 0.151: [GC pause (G1 Evacuation Pause) (young)-- 99M->76M(128M), 0.0073523 secs]
2020-10-29T00:53:42.313-0800: 0.159: [GC pause (G1 Humongous Allocation) (young) (initial-mark) 80M->78M(128M), 0.0016979 secs]
2020-10-29T00:53:42.315-0800: 0.161: [GC concurrent-root-region-scan-start]
2020-10-29T00:53:42.315-0800: 0.161: [GC concurrent-root-region-scan-end, 0.0000782 secs]
2020-10-29T00:53:42.315-0800: 0.161: [GC concurrent-mark-start]
2020-10-29T00:53:42.315-0800: 0.161: [GC concurrent-mark-end, 0.0003273 secs]
2020-10-29T00:53:42.315-0800: 0.161: [GC remark, 0.0008742 secs]
2020-10-29T00:53:42.316-0800: 0.162: [GC cleanup 81M->81M(128M), 0.0004205 secs]
2020-10-29T00:53:42.320-0800: 0.166: [GC pause (G1 Evacuation Pause) (young) 105M->88M(128M), 0.0018151 secs]
2020-10-29T00:53:42.322-0800: 0.168: [GC pause (G1 Evacuation Pause) (mixed) 94M->79M(128M), 0.0014432 secs]
2020-10-29T00:53:42.324-0800: 0.170: [GC pause (G1 Humongous Allocation) (young) (initial-mark) 80M->79M(128M), 0.0008626 secs]
2020-10-29T00:53:42.325-0800: 0.171: [GC concurrent-root-region-scan-start]
2020-10-29T00:53:42.325-0800: 0.171: [GC concurrent-root-region-scan-end, 0.0000819 secs]
2020-10-29T00:53:42.325-0800: 0.171: [GC concurrent-mark-start]
2020-10-29T00:53:42.325-0800: 0.171: [GC concurrent-mark-end, 0.0003628 secs]
2020-10-29T00:53:42.325-0800: 0.172: [GC remark, 0.0009409 secs]
2020-10-29T00:53:42.326-0800: 0.173: [GC cleanup 82M->82M(128M), 0.0004457 secs]
2020-10-29T00:53:42.329-0800: 0.175: [GC pause (G1 Evacuation Pause) (young) 103M->87M(128M), 0.0019404 secs]
2020-10-29T00:53:42.333-0800: 0.179: [GC pause (G1 Evacuation Pause) (mixed) 95M->88M(128M), 0.0015774 secs]
2020-10-29T00:53:42.335-0800: 0.182: [GC pause (G1 Humongous Allocation) (young) (initial-mark) 95M->90M(128M), 0.0011649 secs]
2020-10-29T00:53:42.337-0800: 0.183: [GC concurrent-root-region-scan-start]
2020-10-29T00:53:42.337-0800: 0.183: [GC concurrent-root-region-scan-end, 0.0000933 secs]
2020-10-29T00:53:42.337-0800: 0.183: [GC concurrent-mark-start]
2020-10-29T00:53:42.337-0800: 0.183: [GC concurrent-mark-end, 0.0003391 secs]
2020-10-29T00:53:42.337-0800: 0.183: [GC remark, 0.0009559 secs]
2020-10-29T00:53:42.338-0800: 0.184: [GC cleanup 95M->95M(128M), 0.0004296 secs]
2020-10-29T00:53:42.340-0800: 0.186: [GC pause (G1 Evacuation Pause) (young) 101M->95M(128M), 0.0012185 secs]
2020-10-29T00:53:42.342-0800: 0.188: [GC pause (G1 Evacuation Pause) (mixed) 105M->98M(128M), 0.0015656 secs]
2020-10-29T00:53:42.345-0800: 0.191: [GC pause (G1 Evacuation Pause) (young) 104M->99M(128M), 0.0010397 secs]
2020-10-29T00:53:42.346-0800: 0.192: [GC pause (G1 Humongous Allocation) (young) (initial-mark) 99M->98M(128M), 0.0006630 secs]
2020-10-29T00:53:42.347-0800: 0.193: [GC concurrent-root-region-scan-start]
2020-10-29T00:53:42.347-0800: 0.193: [GC concurrent-root-region-scan-end, 0.0000081 secs]
2020-10-29T00:53:42.347-0800: 0.193: [GC concurrent-mark-start]
2020-10-29T00:53:42.347-0800: 0.193: [GC concurrent-mark-end, 0.0003575 secs]
2020-10-29T00:53:42.347-0800: 0.193: [GC remark, 0.0008534 secs]
2020-10-29T00:53:42.348-0800: 0.194: [GC cleanup 101M->101M(128M), 0.0004531 secs]
2020-10-29T00:53:42.349-0800: 0.195: [GC pause (G1 Evacuation Pause) (young) 107M->103M(128M), 0.0013498 secs]
2020-10-29T00:53:42.352-0800: 0.198: [GC pause (G1 Evacuation Pause) (mixed)-- 109M->110M(128M), 0.0013032 secs]
2020-10-29T00:53:42.354-0800: 0.200: [GC pause (G1 Evacuation Pause) (young)-- 113M->112M(128M), 0.0007654 secs]
2020-10-29T00:53:42.355-0800: 0.201: [GC pause (G1 Evacuation Pause) (young) (initial-mark)-- 113M->113M(128M), 0.0006877 secs]
2020-10-29T00:53:42.355-0800: 0.201: [GC concurrent-root-region-scan-start]
2020-10-29T00:53:42.355-0800: 0.201: [GC concurrent-root-region-scan-end, 0.0000071 secs]
2020-10-29T00:53:42.355-0800: 0.201: [GC concurrent-mark-start]
2020-10-29T00:53:42.355-0800: 0.201: [Full GC (Allocation Failure)  113M->92M(128M), 0.0103723 secs]
2020-10-29T00:53:42.366-0800: 0.212: [GC concurrent-mark-abort]
2020-10-29T00:53:42.366-0800: 0.212: [GC pause (G1 Humongous Allocation) (young) (initial-mark) 97M->93M(128M), 0.0009489 secs]
2020-10-29T00:53:42.367-0800: 0.213: [GC concurrent-root-region-scan-start]
2020-10-29T00:53:42.367-0800: 0.214: [GC concurrent-root-region-scan-end, 0.0000766 secs]
2020-10-29T00:53:42.367-0800: 0.214: [GC concurrent-mark-start]
2020-10-29T00:53:42.368-0800: 0.214: [GC concurrent-mark-end, 0.0004735 secs]
2020-10-29T00:53:42.368-0800: 0.214: [GC remark, 0.0009096 secs]
2020-10-29T00:53:42.369-0800: 0.215: [GC cleanup 97M->97M(128M), 0.0005481 secs]
2020-10-29T00:53:42.370-0800: 0.216: [GC pause (G1 Evacuation Pause) (young) 100M->96M(128M), 0.0010123 secs]
2020-10-29T00:53:42.371-0800: 0.217: [GC pause (G1 Humongous Allocation) (young) (initial-mark) 99M->96M(128M), 0.0007716 secs]
2020-10-29T00:53:42.372-0800: 0.218: [GC concurrent-root-region-scan-start]
2020-10-29T00:53:42.372-0800: 0.218: [GC concurrent-root-region-scan-end, 0.0000397 secs]
2020-10-29T00:53:42.372-0800: 0.218: [GC concurrent-mark-start]
2020-10-29T00:53:42.373-0800: 0.219: [GC concurrent-mark-end, 0.0005082 secs]
2020-10-29T00:53:42.373-0800: 0.219: [GC remark, 0.0008430 secs]
2020-10-29T00:53:42.374-0800: 0.220: [GC cleanup 102M->102M(128M), 0.0004398 secs]
2020-10-29T00:53:42.374-0800: 0.220: [GC pause (G1 Evacuation Pause) (young)-- 103M->103M(128M), 0.0008507 secs]
2020-10-29T00:53:42.375-0800: 0.222: [GC pause (G1 Evacuation Pause) (young)-- 104M->104M(128M), 0.0007581 secs]
2020-10-29T00:53:42.376-0800: 0.222: [Full GC (Allocation Failure)  104M->98M(128M), 0.0043996 secs]
2020-10-29T00:53:42.381-0800: 0.227: [GC pause (G1 Humongous Allocation) (young) (initial-mark) 98M->98M(128M), 0.0007260 secs]
2020-10-29T00:53:42.382-0800: 0.228: [GC concurrent-root-region-scan-start]
2020-10-29T00:53:42.382-0800: 0.228: [GC concurrent-root-region-scan-end, 0.0000055 secs]
2020-10-29T00:53:42.382-0800: 0.228: [GC concurrent-mark-start]
2020-10-29T00:53:42.382-0800: 0.228: [GC pause (G1 Evacuation Pause) (young)-- 101M->100M(128M), 0.0009178 secs]
2020-10-29T00:53:42.383-0800: 0.229: [GC pause (G1 Evacuation Pause) (young)-- 102M->102M(128M), 0.0007294 secs]
2020-10-29T00:53:42.384-0800: 0.230: [Full GC (Allocation Failure)  102M->99M(128M), 0.0019920 secs]
2020-10-29T00:53:42.386-0800: 0.232: [GC concurrent-mark-abort]
2020-10-29T00:53:42.386-0800: 0.232: [GC pause (G1 Humongous Allocation) (young) (initial-mark)-- 102M->100M(128M), 0.0007442 secs]
2020-10-29T00:53:42.387-0800: 0.233: [GC concurrent-root-region-scan-start]
2020-10-29T00:53:42.387-0800: 0.233: [GC concurrent-root-region-scan-end, 0.0000069 secs]
2020-10-29T00:53:42.387-0800: 0.233: [GC concurrent-mark-start]
2020-10-29T00:53:42.387-0800: 0.233: [GC pause (G1 Evacuation Pause) (young)-- 102M->102M(128M), 0.0007770 secs]
2020-10-29T00:53:42.388-0800: 0.234: [Full GC (Allocation Failure)  102M->100M(128M), 0.0025554 secs]
2020-10-29T00:53:42.390-0800: 0.237: [GC concurrent-mark-abort]
2020-10-29T00:53:42.391-0800: 0.237: [GC pause (G1 Evacuation Pause) (young)-- 101M->101M(128M), 0.0007083 secs]
2020-10-29T00:53:42.392-0800: 0.238: [Full GC (Allocation Failure)  101M->101M(128M), 0.0018119 secs]
2020-10-29T00:53:42.394-0800: 0.240: [GC pause (G1 Evacuation Pause) (young)-- 102M->102M(128M), 0.0007923 secs]
2020-10-29T00:53:42.394-0800: 0.240: [Full GC (Allocation Failure)  102M->101M(128M), 0.0017478 secs]
2020-10-29T00:53:42.396-0800: 0.242: [Full GC (Allocation Failure)  101M->101M(128M), 0.0019799 secs]
2020-10-29T00:53:42.398-0800: 0.244: [GC pause (G1 Evacuation Pause) (young) 101M->101M(128M), 0.0007069 secs]
2020-10-29T00:53:42.399-0800: 0.245: [GC pause (G1 Evacuation Pause) (young) (initial-mark) 101M->101M(128M), 0.0006457 secs]
2020-10-29T00:53:42.400-0800: 0.246: [GC concurrent-root-region-scan-start]
2020-10-29T00:53:42.400-0800: 0.246: [GC concurrent-root-region-scan-end, 0.0000058 secs]
2020-10-29T00:53:42.400-0800: 0.246: [GC concurrent-mark-start]
2020-10-29T00:53:42.400-0800: 0.246: [Full GC (Allocation Failure)  101M->270K(128M), 0.0016038 secs]
2020-10-29T00:53:42.401-0800: 0.248: [GC concurrent-mark-abort]
