Java HotSpot(TM) 64-Bit Server VM (25.271-b09) for bsd-amd64 JRE (1.8.0_271-b09), built on Sep 16 2020 16:54:38 by "java_re" with gcc 4.2.1 Compatible Apple LLVM 10.0.0 (clang-1000.11.45.5)
Memory: 4k page, physical 16777216k(699708k free)

/proc/meminfo:

CommandLine flags: -XX:InitialHeapSize=536870912 -XX:MaxHeapSize=536870912 -XX:+PrintGC -XX:+PrintGCDateStamps -XX:+PrintGCTimeStamps -XX:+UseCompressedClassPointers -XX:+UseCompressedOops -XX:+UseG1GC 
2020-10-29T00:54:23.042-0800: 0.100: [GC pause (G1 Evacuation Pause) (young) 26M->10M(512M), 0.0039809 secs]
2020-10-29T00:54:23.052-0800: 0.110: [GC pause (G1 Evacuation Pause) (young) 35M->20M(512M), 0.0045068 secs]
2020-10-29T00:54:23.081-0800: 0.139: [GC pause (G1 Evacuation Pause) (young) 75M->40M(512M), 0.0078394 secs]
2020-10-29T00:54:23.301-0800: 0.359: [GC pause (G1 Evacuation Pause) (young)-- 427M->330M(512M), 0.0166017 secs]
2020-10-29T00:54:23.318-0800: 0.376: [GC pause (G1 Humongous Allocation) (young) (initial-mark) 333M->331M(512M), 0.0048843 secs]
2020-10-29T00:54:23.323-0800: 0.381: [GC concurrent-root-region-scan-start]
2020-10-29T00:54:23.323-0800: 0.381: [GC concurrent-root-region-scan-end, 0.0000734 secs]
2020-10-29T00:54:23.323-0800: 0.381: [GC concurrent-mark-start]
2020-10-29T00:54:23.325-0800: 0.383: [GC concurrent-mark-end, 0.0021229 secs]
2020-10-29T00:54:23.326-0800: 0.383: [GC remark, 0.0011211 secs]
2020-10-29T00:54:23.327-0800: 0.385: [GC cleanup 346M->346M(512M), 0.0007142 secs]
2020-10-29T00:54:23.347-0800: 0.404: [GC pause (G1 Evacuation Pause) (young) 432M->368M(512M), 0.0042443 secs]
2020-10-29T00:54:23.354-0800: 0.411: [GC pause (G1 Evacuation Pause) (mixed) 385M->325M(512M), 0.0026950 secs]
2020-10-29T00:54:23.360-0800: 0.418: [GC pause (G1 Evacuation Pause) (mixed) 351M->287M(512M), 0.0026462 secs]
2020-10-29T00:54:23.367-0800: 0.424: [GC pause (G1 Evacuation Pause) (mixed) 313M->254M(512M), 0.0029368 secs]
2020-10-29T00:54:23.374-0800: 0.431: [GC pause (G1 Evacuation Pause) (mixed) 279M->229M(512M), 0.0031478 secs]
2020-10-29T00:54:23.377-0800: 0.435: [GC pause (G1 Humongous Allocation) (young) (initial-mark) 230M->229M(512M), 0.0013049 secs]
2020-10-29T00:54:23.378-0800: 0.436: [GC concurrent-root-region-scan-start]
2020-10-29T00:54:23.378-0800: 0.436: [GC concurrent-root-region-scan-end, 0.0000804 secs]
2020-10-29T00:54:23.379-0800: 0.436: [GC concurrent-mark-start]
2020-10-29T00:54:23.379-0800: 0.437: [GC concurrent-mark-end, 0.0008718 secs]
2020-10-29T00:54:23.379-0800: 0.437: [GC remark, 0.0011956 secs]
2020-10-29T00:54:23.381-0800: 0.439: [GC cleanup 236M->234M(512M), 0.0006324 secs]
2020-10-29T00:54:23.381-0800: 0.439: [GC concurrent-cleanup-start]
2020-10-29T00:54:23.381-0800: 0.439: [GC concurrent-cleanup-end, 0.0000108 secs]
2020-10-29T00:54:23.414-0800: 0.471: [GC pause (G1 Evacuation Pause) (young)-- 413M->288M(512M), 0.0050653 secs]
2020-10-29T00:54:23.420-0800: 0.478: [GC pause (G1 Evacuation Pause) (mixed) 296M->270M(512M), 0.0045176 secs]
2020-10-29T00:54:23.425-0800: 0.483: [GC pause (G1 Humongous Allocation) (young) (initial-mark) 271M->270M(512M), 0.0011305 secs]
2020-10-29T00:54:23.426-0800: 0.484: [GC concurrent-root-region-scan-start]
2020-10-29T00:54:23.427-0800: 0.484: [GC concurrent-root-region-scan-end, 0.0000901 secs]
2020-10-29T00:54:23.427-0800: 0.484: [GC concurrent-mark-start]
2020-10-29T00:54:23.427-0800: 0.485: [GC concurrent-mark-end, 0.0008374 secs]
2020-10-29T00:54:23.427-0800: 0.485: [GC remark, 0.0013787 secs]
2020-10-29T00:54:23.429-0800: 0.487: [GC cleanup 277M->276M(512M), 0.0007021 secs]
2020-10-29T00:54:23.430-0800: 0.487: [GC concurrent-cleanup-start]
2020-10-29T00:54:23.430-0800: 0.487: [GC concurrent-cleanup-end, 0.0000111 secs]
2020-10-29T00:54:23.456-0800: 0.514: [GC pause (G1 Evacuation Pause) (young) 418M->311M(512M), 0.0043108 secs]
2020-10-29T00:54:23.462-0800: 0.520: [GC pause (G1 Evacuation Pause) (mixed) 321M->277M(512M), 0.0042005 secs]
2020-10-29T00:54:23.472-0800: 0.530: [GC pause (G1 Evacuation Pause) (mixed) 307M->283M(512M), 0.0022975 secs]
2020-10-29T00:54:23.477-0800: 0.535: [GC pause (G1 Humongous Allocation) (young) (initial-mark) 296M->285M(512M), 0.0018424 secs]
2020-10-29T00:54:23.479-0800: 0.537: [GC concurrent-root-region-scan-start]
2020-10-29T00:54:23.479-0800: 0.537: [GC concurrent-root-region-scan-end, 0.0001403 secs]
2020-10-29T00:54:23.479-0800: 0.537: [GC concurrent-mark-start]
2020-10-29T00:54:23.480-0800: 0.538: [GC concurrent-mark-end, 0.0010451 secs]
2020-10-29T00:54:23.480-0800: 0.538: [GC remark, 0.0014253 secs]
2020-10-29T00:54:23.482-0800: 0.540: [GC cleanup 294M->293M(512M), 0.0007463 secs]
2020-10-29T00:54:23.483-0800: 0.541: [GC concurrent-cleanup-start]
2020-10-29T00:54:23.483-0800: 0.541: [GC concurrent-cleanup-end, 0.0000112 secs]
2020-10-29T00:54:23.501-0800: 0.558: [GC pause (G1 Evacuation Pause) (young) 416M->321M(512M), 0.0047765 secs]
2020-10-29T00:54:23.508-0800: 0.566: [GC pause (G1 Evacuation Pause) (mixed) 335M->299M(512M), 0.0055323 secs]
2020-10-29T00:54:23.519-0800: 0.577: [GC pause (G1 Evacuation Pause) (mixed) 325M->302M(512M), 0.0030307 secs]
2020-10-29T00:54:23.522-0800: 0.580: [GC pause (G1 Humongous Allocation) (young) (initial-mark) 304M->303M(512M), 0.0015140 secs]
2020-10-29T00:54:23.524-0800: 0.582: [GC concurrent-root-region-scan-start]
2020-10-29T00:54:23.524-0800: 0.582: [GC concurrent-root-region-scan-end, 0.0001514 secs]
2020-10-29T00:54:23.524-0800: 0.582: [GC concurrent-mark-start]
2020-10-29T00:54:23.525-0800: 0.583: [GC concurrent-mark-end, 0.0012095 secs]
2020-10-29T00:54:23.525-0800: 0.583: [GC remark, 0.0015112 secs]
2020-10-29T00:54:23.527-0800: 0.585: [GC cleanup 313M->312M(512M), 0.0008950 secs]
2020-10-29T00:54:23.528-0800: 0.586: [GC concurrent-cleanup-start]
2020-10-29T00:54:23.528-0800: 0.586: [GC concurrent-cleanup-end, 0.0000149 secs]
2020-10-29T00:54:23.544-0800: 0.602: [GC pause (G1 Evacuation Pause) (young) 416M->333M(512M), 0.0045055 secs]
2020-10-29T00:54:23.551-0800: 0.609: [GC pause (G1 Evacuation Pause) (mixed) 348M->313M(512M), 0.0054385 secs]
2020-10-29T00:54:23.557-0800: 0.614: [GC pause (G1 Humongous Allocation) (young) (initial-mark) 315M->314M(512M), 0.0014755 secs]
2020-10-29T00:54:23.558-0800: 0.616: [GC concurrent-root-region-scan-start]
2020-10-29T00:54:23.558-0800: 0.616: [GC concurrent-root-region-scan-end, 0.0000805 secs]
2020-10-29T00:54:23.558-0800: 0.616: [GC concurrent-mark-start]
2020-10-29T00:54:23.560-0800: 0.617: [GC concurrent-mark-end, 0.0013714 secs]
2020-10-29T00:54:23.560-0800: 0.618: [GC remark, 0.0016285 secs]
2020-10-29T00:54:23.562-0800: 0.619: [GC cleanup 325M->325M(512M), 0.0008508 secs]
2020-10-29T00:54:23.576-0800: 0.633: [GC pause (G1 Evacuation Pause) (young) 402M->342M(512M), 0.0039266 secs]
2020-10-29T00:54:23.583-0800: 0.640: [GC pause (G1 Evacuation Pause) (mixed) 359M->322M(512M), 0.0054192 secs]
2020-10-29T00:54:23.593-0800: 0.651: [GC pause (G1 Evacuation Pause) (mixed) 344M->324M(512M), 0.0018355 secs]
2020-10-29T00:54:23.598-0800: 0.655: [GC pause (G1 Humongous Allocation) (young) (initial-mark) 335M->326M(512M), 0.0017342 secs]
2020-10-29T00:54:23.599-0800: 0.657: [GC concurrent-root-region-scan-start]
2020-10-29T00:54:23.600-0800: 0.657: [GC concurrent-root-region-scan-end, 0.0001431 secs]
2020-10-29T00:54:23.600-0800: 0.657: [GC concurrent-mark-start]
2020-10-29T00:54:23.601-0800: 0.658: [GC concurrent-mark-end, 0.0010917 secs]
2020-10-29T00:54:23.601-0800: 0.659: [GC remark, 0.0016063 secs]
2020-10-29T00:54:23.603-0800: 0.660: [GC cleanup 334M->334M(512M), 0.0008535 secs]
2020-10-29T00:54:23.614-0800: 0.672: [GC pause (G1 Evacuation Pause) (young) 409M->353M(512M), 0.0037974 secs]
2020-10-29T00:54:23.621-0800: 0.679: [GC pause (G1 Evacuation Pause) (mixed) 373M->335M(512M), 0.0052937 secs]
2020-10-29T00:54:23.631-0800: 0.688: [GC pause (G1 Evacuation Pause) (mixed) 363M->342M(512M), 0.0036281 secs]
2020-10-29T00:54:23.635-0800: 0.692: [GC pause (G1 Humongous Allocation) (young) (initial-mark) 343M->342M(512M), 0.0015709 secs]
2020-10-29T00:54:23.636-0800: 0.694: [GC concurrent-root-region-scan-start]
2020-10-29T00:54:23.636-0800: 0.694: [GC concurrent-root-region-scan-end, 0.0001183 secs]
2020-10-29T00:54:23.636-0800: 0.694: [GC concurrent-mark-start]
2020-10-29T00:54:23.638-0800: 0.695: [GC concurrent-mark-end, 0.0011834 secs]
2020-10-29T00:54:23.638-0800: 0.696: [GC remark, 0.0016739 secs]
2020-10-29T00:54:23.640-0800: 0.697: [GC cleanup 352M->352M(512M), 0.0008050 secs]
2020-10-29T00:54:23.648-0800: 0.705: [GC pause (G1 Evacuation Pause) (young) 402M->358M(512M), 0.0033827 secs]
2020-10-29T00:54:23.655-0800: 0.713: [GC pause (G1 Evacuation Pause) (mixed) 383M->344M(512M), 0.0054428 secs]
2020-10-29T00:54:23.661-0800: 0.718: [GC pause (G1 Humongous Allocation) (young) (initial-mark) 344M->344M(512M), 0.0016075 secs]
2020-10-29T00:54:23.662-0800: 0.720: [GC concurrent-root-region-scan-start]
2020-10-29T00:54:23.662-0800: 0.720: [GC concurrent-root-region-scan-end, 0.0000796 secs]
2020-10-29T00:54:23.662-0800: 0.720: [GC concurrent-mark-start]
2020-10-29T00:54:23.663-0800: 0.721: [GC concurrent-mark-end, 0.0010894 secs]
2020-10-29T00:54:23.664-0800: 0.721: [GC remark, 0.0015353 secs]
2020-10-29T00:54:23.665-0800: 0.723: [GC cleanup 350M->350M(512M), 0.0008780 secs]
2020-10-29T00:54:23.675-0800: 0.732: [GC pause (G1 Evacuation Pause) (young) 403M->358M(512M), 0.0028260 secs]
2020-10-29T00:54:23.681-0800: 0.738: [GC pause (G1 Evacuation Pause) (mixed) 381M->353M(512M), 0.0049970 secs]
2020-10-29T00:54:23.686-0800: 0.744: [GC pause (G1 Humongous Allocation) (young) (initial-mark) 354M->352M(512M), 0.0016479 secs]
2020-10-29T00:54:23.688-0800: 0.745: [GC concurrent-root-region-scan-start]
2020-10-29T00:54:23.688-0800: 0.745: [GC concurrent-root-region-scan-end, 0.0000464 secs]
2020-10-29T00:54:23.688-0800: 0.745: [GC concurrent-mark-start]
2020-10-29T00:54:23.689-0800: 0.747: [GC concurrent-mark-end, 0.0011433 secs]
2020-10-29T00:54:23.689-0800: 0.747: [GC remark, 0.0016830 secs]
2020-10-29T00:54:23.691-0800: 0.748: [GC cleanup 361M->361M(512M), 0.0007910 secs]
2020-10-29T00:54:23.698-0800: 0.756: [GC pause (G1 Evacuation Pause) (young) 404M->368M(512M), 0.0026304 secs]
2020-10-29T00:54:23.704-0800: 0.762: [GC pause (G1 Evacuation Pause) (mixed) 390M->359M(512M), 0.0049866 secs]
2020-10-29T00:54:23.710-0800: 0.768: [GC pause (G1 Humongous Allocation) (young) (initial-mark) 366M->360M(512M), 0.0016284 secs]
2020-10-29T00:54:23.712-0800: 0.770: [GC concurrent-root-region-scan-start]
2020-10-29T00:54:23.712-0800: 0.770: [GC concurrent-root-region-scan-end, 0.0001002 secs]
2020-10-29T00:54:23.712-0800: 0.770: [GC concurrent-mark-start]
2020-10-29T00:54:23.713-0800: 0.771: [GC concurrent-mark-end, 0.0010589 secs]
2020-10-29T00:54:23.713-0800: 0.771: [GC remark, 0.0015733 secs]
2020-10-29T00:54:23.715-0800: 0.773: [GC cleanup 367M->367M(512M), 0.0008074 secs]
2020-10-29T00:54:23.722-0800: 0.780: [GC pause (G1 Evacuation Pause) (young) 402M->373M(512M), 0.0028571 secs]
2020-10-29T00:54:23.728-0800: 0.786: [GC pause (G1 Evacuation Pause) (mixed) 398M->362M(512M), 0.0047366 secs]
2020-10-29T00:54:23.734-0800: 0.792: [GC pause (G1 Humongous Allocation) (young) (initial-mark) 367M->364M(512M), 0.0017931 secs]
2020-10-29T00:54:23.736-0800: 0.793: [GC concurrent-root-region-scan-start]
2020-10-29T00:54:23.736-0800: 0.793: [GC concurrent-root-region-scan-end, 0.0000908 secs]
2020-10-29T00:54:23.736-0800: 0.793: [GC concurrent-mark-start]
2020-10-29T00:54:23.737-0800: 0.795: [GC concurrent-mark-end, 0.0011412 secs]
2020-10-29T00:54:23.737-0800: 0.795: [GC remark, 0.0017228 secs]
2020-10-29T00:54:23.739-0800: 0.797: [GC cleanup 370M->370M(512M), 0.0008253 secs]
2020-10-29T00:54:23.746-0800: 0.804: [GC pause (G1 Evacuation Pause) (young) 401M->376M(512M), 0.0025679 secs]
2020-10-29T00:54:23.755-0800: 0.812: [GC pause (G1 Evacuation Pause) (mixed) 403M->370M(512M), 0.0045107 secs]
2020-10-29T00:54:23.760-0800: 0.818: [GC pause (G1 Humongous Allocation) (young) (initial-mark) 376M->371M(512M), 0.0014778 secs]
2020-10-29T00:54:23.762-0800: 0.820: [GC concurrent-root-region-scan-start]
2020-10-29T00:54:23.762-0800: 0.820: [GC concurrent-root-region-scan-end, 0.0001077 secs]
2020-10-29T00:54:23.762-0800: 0.820: [GC concurrent-mark-start]
2020-10-29T00:54:23.763-0800: 0.821: [GC concurrent-mark-end, 0.0012461 secs]
2020-10-29T00:54:23.763-0800: 0.821: [GC remark, 0.0014988 secs]
2020-10-29T00:54:23.765-0800: 0.823: [GC cleanup 379M->379M(512M), 0.0008535 secs]
2020-10-29T00:54:23.769-0800: 0.827: [GC pause (G1 Evacuation Pause) (young) 402M->380M(512M), 0.0025643 secs]
2020-10-29T00:54:23.775-0800: 0.832: [GC pause (G1 Evacuation Pause) (mixed) 404M->365M(512M), 0.0047116 secs]
2020-10-29T00:54:23.780-0800: 0.837: [GC pause (G1 Humongous Allocation) (young) (initial-mark) 366M->365M(512M), 0.0015803 secs]
2020-10-29T00:54:23.781-0800: 0.839: [GC concurrent-root-region-scan-start]
2020-10-29T00:54:23.781-0800: 0.839: [GC concurrent-root-region-scan-end, 0.0001059 secs]
2020-10-29T00:54:23.781-0800: 0.839: [GC concurrent-mark-start]
2020-10-29T00:54:23.782-0800: 0.840: [GC concurrent-mark-end, 0.0011206 secs]
2020-10-29T00:54:23.783-0800: 0.840: [GC remark, 0.0016516 secs]
2020-10-29T00:54:23.784-0800: 0.842: [GC cleanup 371M->371M(512M), 0.0010227 secs]
2020-10-29T00:54:23.793-0800: 0.850: [GC pause (G1 Evacuation Pause) (young) 405M->377M(512M), 0.0026208 secs]
2020-10-29T00:54:23.799-0800: 0.857: [GC pause (G1 Evacuation Pause) (mixed) 403M->370M(512M), 0.0037400 secs]
2020-10-29T00:54:23.803-0800: 0.861: [GC pause (G1 Humongous Allocation) (young) (initial-mark) 372M->371M(512M), 0.0016094 secs]
2020-10-29T00:54:23.805-0800: 0.863: [GC concurrent-root-region-scan-start]
2020-10-29T00:54:23.805-0800: 0.863: [GC concurrent-root-region-scan-end, 0.0000885 secs]
2020-10-29T00:54:23.805-0800: 0.863: [GC concurrent-mark-start]
2020-10-29T00:54:23.806-0800: 0.864: [GC concurrent-mark-end, 0.0010998 secs]
2020-10-29T00:54:23.806-0800: 0.864: [GC remark, 0.0014770 secs]
2020-10-29T00:54:23.808-0800: 0.865: [GC cleanup 383M->383M(512M), 0.0007396 secs]
2020-10-29T00:54:23.812-0800: 0.869: [GC pause (G1 Evacuation Pause) (young) 403M->382M(512M), 0.0021918 secs]
2020-10-29T00:54:23.818-0800: 0.875: [GC pause (G1 Evacuation Pause) (mixed) 410M->376M(512M), 0.0041529 secs]
2020-10-29T00:54:23.822-0800: 0.880: [GC pause (G1 Humongous Allocation) (young) (initial-mark) 378M->377M(512M), 0.0014661 secs]
2020-10-29T00:54:23.824-0800: 0.881: [GC concurrent-root-region-scan-start]
2020-10-29T00:54:23.824-0800: 0.881: [GC concurrent-root-region-scan-end, 0.0000842 secs]
2020-10-29T00:54:23.824-0800: 0.881: [GC concurrent-mark-start]
2020-10-29T00:54:23.825-0800: 0.882: [GC concurrent-mark-end, 0.0009532 secs]
2020-10-29T00:54:23.825-0800: 0.883: [GC remark, 0.0014082 secs]
2020-10-29T00:54:23.826-0800: 0.884: [GC cleanup 383M->383M(512M), 0.0007214 secs]
2020-10-29T00:54:23.831-0800: 0.888: [GC pause (G1 Evacuation Pause) (young) 405M->383M(512M), 0.0019987 secs]
2020-10-29T00:54:23.836-0800: 0.894: [GC pause (G1 Evacuation Pause) (mixed) 405M->375M(512M), 0.0039990 secs]
2020-10-29T00:54:23.841-0800: 0.898: [GC pause (G1 Humongous Allocation) (young) (initial-mark) 377M->376M(512M), 0.0015450 secs]
2020-10-29T00:54:23.842-0800: 0.900: [GC concurrent-root-region-scan-start]
2020-10-29T00:54:23.842-0800: 0.900: [GC concurrent-root-region-scan-end, 0.0000943 secs]
2020-10-29T00:54:23.842-0800: 0.900: [GC concurrent-mark-start]
2020-10-29T00:54:23.843-0800: 0.901: [GC concurrent-mark-end, 0.0010007 secs]
2020-10-29T00:54:23.843-0800: 0.901: [GC remark, 0.0016047 secs]
2020-10-29T00:54:23.845-0800: 0.903: [GC cleanup 385M->385M(512M), 0.0007524 secs]
2020-10-29T00:54:23.849-0800: 0.907: [GC pause (G1 Evacuation Pause) (young) 405M->381M(512M), 0.0024243 secs]
2020-10-29T00:54:23.856-0800: 0.914: [GC pause (G1 Evacuation Pause) (mixed) 410M->377M(512M), 0.0041746 secs]
2020-10-29T00:54:23.861-0800: 0.919: [GC pause (G1 Humongous Allocation) (young) (initial-mark) 381M->378M(512M), 0.0014934 secs]
2020-10-29T00:54:23.863-0800: 0.921: [GC concurrent-root-region-scan-start]
2020-10-29T00:54:23.863-0800: 0.921: [GC concurrent-root-region-scan-end, 0.0000830 secs]
2020-10-29T00:54:23.863-0800: 0.921: [GC concurrent-mark-start]
2020-10-29T00:54:23.864-0800: 0.922: [GC concurrent-mark-end, 0.0009560 secs]
2020-10-29T00:54:23.864-0800: 0.922: [GC remark, 0.0016232 secs]
2020-10-29T00:54:23.866-0800: 0.923: [GC cleanup 385M->385M(512M), 0.0007309 secs]
2020-10-29T00:54:23.870-0800: 0.928: [GC pause (G1 Evacuation Pause) (young) 407M->386M(512M), 0.0022814 secs]
2020-10-29T00:54:23.876-0800: 0.934: [GC pause (G1 Evacuation Pause) (mixed) 412M->386M(512M), 0.0044798 secs]
2020-10-29T00:54:23.882-0800: 0.939: [GC pause (G1 Humongous Allocation) (young) (initial-mark) 391M->384M(512M), 0.0014215 secs]
2020-10-29T00:54:23.883-0800: 0.941: [GC concurrent-root-region-scan-start]
2020-10-29T00:54:23.883-0800: 0.941: [GC concurrent-root-region-scan-end, 0.0000722 secs]
2020-10-29T00:54:23.883-0800: 0.941: [GC concurrent-mark-start]
2020-10-29T00:54:23.884-0800: 0.942: [GC concurrent-mark-end, 0.0010846 secs]
2020-10-29T00:54:23.884-0800: 0.942: [GC remark, 0.0015636 secs]
2020-10-29T00:54:23.886-0800: 0.944: [GC cleanup 393M->393M(512M), 0.0008833 secs]
2020-10-29T00:54:23.890-0800: 0.947: [GC pause (G1 Evacuation Pause) (young) 411M->393M(512M), 0.0025729 secs]
2020-10-29T00:54:23.896-0800: 0.954: [GC pause (G1 Evacuation Pause) (mixed)-- 421M->403M(512M), 0.0043713 secs]
2020-10-29T00:54:23.901-0800: 0.959: [GC pause (G1 Humongous Allocation) (young) (initial-mark) 405M->403M(512M), 0.0013703 secs]
2020-10-29T00:54:23.902-0800: 0.960: [GC concurrent-root-region-scan-start]
2020-10-29T00:54:23.903-0800: 0.960: [GC concurrent-root-region-scan-end, 0.0000972 secs]
2020-10-29T00:54:23.903-0800: 0.960: [GC concurrent-mark-start]
2020-10-29T00:54:23.904-0800: 0.961: [GC concurrent-mark-end, 0.0011364 secs]
2020-10-29T00:54:23.904-0800: 0.961: [GC remark, 0.0014393 secs]
2020-10-29T00:54:23.905-0800: 0.963: [GC cleanup 416M->416M(512M), 0.0007077 secs]
2020-10-29T00:54:23.909-0800: 0.966: [GC pause (G1 Evacuation Pause) (young) 435M->412M(512M), 0.0024859 secs]
2020-10-29T00:54:23.915-0800: 0.973: [GC pause (G1 Evacuation Pause) (mixed)-- 439M->428M(512M), 0.0027604 secs]
2020-10-29T00:54:23.921-0800: 0.979: [GC pause (G1 Evacuation Pause) (mixed)-- 450M->442M(512M), 0.0018322 secs]
2020-10-29T00:54:23.924-0800: 0.982: [GC pause (G1 Humongous Allocation) (young) (initial-mark) 444M->441M(512M), 0.0009877 secs]
2020-10-29T00:54:23.925-0800: 0.983: [GC concurrent-root-region-scan-start]
2020-10-29T00:54:23.925-0800: 0.983: [GC concurrent-root-region-scan-end, 0.0000824 secs]
2020-10-29T00:54:23.925-0800: 0.983: [GC concurrent-mark-start]
2020-10-29T00:54:23.926-0800: 0.984: [GC concurrent-mark-end, 0.0011041 secs]
2020-10-29T00:54:23.926-0800: 0.984: [GC remark, 0.0013508 secs]
2020-10-29T00:54:23.928-0800: 0.985: [GC cleanup 449M->446M(512M), 0.0006847 secs]
2020-10-29T00:54:23.928-0800: 0.986: [GC concurrent-cleanup-start]
2020-10-29T00:54:23.928-0800: 0.986: [GC concurrent-cleanup-end, 0.0000118 secs]
2020-10-29T00:54:23.929-0800: 0.987: [GC pause (G1 Evacuation Pause) (young)-- 451M->449M(512M), 0.0010198 secs]
2020-10-29T00:54:23.930-0800: 0.988: [GC pause (G1 Evacuation Pause) (mixed)-- 453M->453M(512M), 0.0010048 secs]
2020-10-29T00:54:23.932-0800: 0.989: [Full GC (Allocation Failure)  453M->338M(512M), 0.0375663 secs]
2020-10-29T00:54:23.970-0800: 1.028: [GC pause (G1 Humongous Allocation) (young) (initial-mark) 342M->338M(512M), 0.0014186 secs]
2020-10-29T00:54:23.971-0800: 1.029: [GC concurrent-root-region-scan-start]
2020-10-29T00:54:23.971-0800: 1.029: [GC concurrent-root-region-scan-end, 0.0000821 secs]
2020-10-29T00:54:23.971-0800: 1.029: [GC concurrent-mark-start]
2020-10-29T00:54:23.973-0800: 1.030: [GC concurrent-mark-end, 0.0011286 secs]
2020-10-29T00:54:23.973-0800: 1.030: [GC remark, 0.0016422 secs]
2020-10-29T00:54:23.975-0800: 1.032: [GC cleanup 345M->345M(512M), 0.0008500 secs]
2020-10-29T00:54:23.979-0800: 1.037: [GC pause (G1 Evacuation Pause) (young) 368M->345M(512M), 0.0022375 secs]
2020-10-29T00:54:23.982-0800: 1.040: [GC pause (G1 Humongous Allocation) (young) (initial-mark) 346M->345M(512M), 0.0012799 secs]
2020-10-29T00:54:23.983-0800: 1.041: [GC concurrent-root-region-scan-start]
2020-10-29T00:54:23.984-0800: 1.041: [GC concurrent-root-region-scan-end, 0.0000701 secs]
2020-10-29T00:54:23.984-0800: 1.041: [GC concurrent-mark-start]
2020-10-29T00:54:23.985-0800: 1.042: [GC concurrent-mark-end, 0.0011520 secs]
2020-10-29T00:54:23.985-0800: 1.043: [GC remark, 0.0014430 secs]
2020-10-29T00:54:23.986-0800: 1.044: [GC cleanup 358M->358M(512M), 0.0008560 secs]
2020-10-29T00:54:23.991-0800: 1.049: [GC pause (G1 Evacuation Pause) (young) 379M->360M(512M), 0.0025196 secs]
2020-10-29T00:54:23.997-0800: 1.055: [GC pause (G1 Evacuation Pause) (mixed) 386M->367M(512M), 0.0029292 secs]
2020-10-29T00:54:24.000-0800: 1.058: [GC pause (G1 Humongous Allocation) (young) (initial-mark) 370M->367M(512M), 0.0016019 secs]
2020-10-29T00:54:24.002-0800: 1.060: [GC concurrent-root-region-scan-start]
2020-10-29T00:54:24.002-0800: 1.060: [GC concurrent-root-region-scan-end, 0.0000708 secs]
2020-10-29T00:54:24.002-0800: 1.060: [GC concurrent-mark-start]
2020-10-29T00:54:24.003-0800: 1.061: [GC concurrent-mark-end, 0.0010517 secs]
2020-10-29T00:54:24.003-0800: 1.061: [GC remark, 0.0015749 secs]
2020-10-29T00:54:24.005-0800: 1.063: [GC cleanup 376M->376M(512M), 0.0007064 secs]
2020-10-29T00:54:24.011-0800: 1.068: [GC pause (G1 Evacuation Pause) (young) 397M->375M(512M), 0.0020328 secs]
2020-10-29T00:54:24.017-0800: 1.074: [GC pause (G1 Evacuation Pause) (mixed)-- 397M->401M(512M), 0.0032057 secs]
