Java HotSpot(TM) 64-Bit Server VM (25.271-b09) for bsd-amd64 JRE (1.8.0_271-b09), built on Sep 16 2020 16:54:38 by "java_re" with gcc 4.2.1 Compatible Apple LLVM 10.0.0 (clang-1000.11.45.5)
Memory: 4k page, physical 16777216k(367868k free)

/proc/meminfo:

CommandLine flags: -XX:InitialHeapSize=134217728 -XX:MaxHeapSize=134217728 -XX:+PrintGC -XX:+PrintGCDateStamps -XX:+PrintGCDetails -XX:+PrintGCTimeStamps -XX:+UseCompressedClassPointers -XX:+UseCompressedOops -XX:+UseSerialGC 
2020-10-27T23:53:57.502-0800: 0.092: [GC (Allocation Failure) 2020-10-27T23:53:57.502-0800: 0.092: [DefNew: 34944K->4352K(39296K), 0.0065163 secs] 34944K->10820K(126720K), 0.0066026 secs] [Times: user=0.00 sys=0.01, real=0.00 secs] 
2020-10-27T23:53:57.518-0800: 0.108: [GC (Allocation Failure) 2020-10-27T23:53:57.518-0800: 0.108: [DefNew: 39073K->4351K(39296K), 0.0100898 secs] 45542K->23130K(126720K), 0.0101590 secs] [Times: user=0.01 sys=0.00, real=0.01 secs] 
2020-10-27T23:53:57.534-0800: 0.124: [GC (Allocation Failure) 2020-10-27T23:53:57.534-0800: 0.124: [DefNew: 39138K->4345K(39296K), 0.0098484 secs] 57917K->38960K(126720K), 0.0099155 secs] [Times: user=0.02 sys=0.01, real=0.01 secs] 
2020-10-27T23:53:57.551-0800: 0.141: [GC (Allocation Failure) 2020-10-27T23:53:57.551-0800: 0.141: [DefNew: 39289K->4348K(39296K), 0.0067078 secs] 73904K->48846K(126720K), 0.0067832 secs] [Times: user=0.01 sys=0.00, real=0.00 secs] 
2020-10-27T23:53:57.565-0800: 0.155: [GC (Allocation Failure) 2020-10-27T23:53:57.565-0800: 0.155: [DefNew: 39292K->4339K(39296K), 0.0095147 secs] 83790K->64120K(126720K), 0.0095756 secs] [Times: user=0.01 sys=0.00, real=0.01 secs] 
2020-10-27T23:53:57.582-0800: 0.172: [GC (Allocation Failure) 2020-10-27T23:53:57.582-0800: 0.172: [DefNew: 39249K->4349K(39296K), 0.0078208 secs] 99030K->76323K(126720K), 0.0078836 secs] [Times: user=0.00 sys=0.01, real=0.01 secs] 
2020-10-27T23:53:57.597-0800: 0.187: [GC (Allocation Failure) 2020-10-27T23:53:57.597-0800: 0.187: [DefNew: 38923K->38923K(39296K), 0.0000140 secs]2020-10-27T23:53:57.597-0800: 0.187: [Tenured: 71974K->84576K(87424K), 0.0186956 secs] 110897K->84576K(126720K), [Metaspace: 2725K->2725K(1056768K)], 0.0187897 secs] [Times: user=0.01 sys=0.00, real=0.02 secs] 
2020-10-27T23:53:57.621-0800: 0.211: [GC (Allocation Failure) 2020-10-27T23:53:57.621-0800: 0.211: [DefNew: 34814K->34814K(39296K), 0.0000177 secs]2020-10-27T23:53:57.621-0800: 0.211: [Tenured: 84576K->87116K(87424K), 0.0111608 secs] 119391K->94849K(126720K), [Metaspace: 2725K->2725K(1056768K)], 0.0112507 secs] [Times: user=0.01 sys=0.00, real=0.01 secs] 
2020-10-27T23:53:57.637-0800: 0.227: [Full GC (Allocation Failure) 2020-10-27T23:53:57.637-0800: 0.227: [Tenured: 87263K->87367K(87424K), 0.0096239 secs] 126546K->100511K(126720K), [Metaspace: 2725K->2725K(1056768K)], 0.0097096 secs] [Times: user=0.01 sys=0.00, real=0.01 secs] 
2020-10-27T23:53:57.650-0800: 0.240: [Full GC (Allocation Failure) 2020-10-27T23:53:57.650-0800: 0.240: [Tenured: 87367K->87360K(87424K), 0.0146116 secs] 126465K->102791K(126720K), [Metaspace: 2725K->2725K(1056768K)], 0.0146834 secs] [Times: user=0.01 sys=0.00, real=0.01 secs] 
2020-10-27T23:53:57.668-0800: 0.258: [Full GC (Allocation Failure) 2020-10-27T23:53:57.668-0800: 0.258: [Tenured: 87360K->87360K(87424K), 0.0025929 secs] 126570K->109432K(126720K), [Metaspace: 2725K->2725K(1056768K)], 0.0026555 secs] [Times: user=0.00 sys=0.00, real=0.01 secs] 
2020-10-27T23:53:57.673-0800: 0.263: [Full GC (Allocation Failure) 2020-10-27T23:53:57.673-0800: 0.263: [Tenured: 87360K->87293K(87424K), 0.0071786 secs] 126620K->114961K(126720K), [Metaspace: 2725K->2725K(1056768K)], 0.0072460 secs] [Times: user=0.01 sys=0.00, real=0.01 secs] 
2020-10-27T23:53:57.683-0800: 0.273: [Full GC (Allocation Failure) 2020-10-27T23:53:57.683-0800: 0.273: [Tenured: 87293K->87401K(87424K), 0.0092484 secs] 126467K->116277K(126720K), [Metaspace: 2725K->2725K(1056768K)], 0.0093147 secs] [Times: user=0.01 sys=0.00, real=0.01 secs] 
2020-10-27T23:53:57.694-0800: 0.284: [Full GC (Allocation Failure) 2020-10-27T23:53:57.694-0800: 0.284: [Tenured: 87401K->87416K(87424K), 0.0148003 secs] 126642K->114865K(126720K), [Metaspace: 2725K->2725K(1056768K)], 0.0148630 secs] [Times: user=0.02 sys=0.00, real=0.01 secs] 
2020-10-27T23:53:57.711-0800: 0.301: [Full GC (Allocation Failure) 2020-10-27T23:53:57.711-0800: 0.301: [Tenured: 87416K->87416K(87424K), 0.0039647 secs] 126663K->119301K(126720K), [Metaspace: 2725K->2725K(1056768K)], 0.0040329 secs] [Times: user=0.00 sys=0.00, real=0.00 secs] 
2020-10-27T23:53:57.716-0800: 0.306: [Full GC (Allocation Failure) 2020-10-27T23:53:57.716-0800: 0.306: [Tenured: 87416K->87416K(87424K), 0.0029084 secs] 126694K->122382K(126720K), [Metaspace: 2725K->2725K(1056768K)], 0.0029612 secs] [Times: user=0.01 sys=0.00, real=0.00 secs] 
2020-10-27T23:53:57.720-0800: 0.310: [Full GC (Allocation Failure) 2020-10-27T23:53:57.720-0800: 0.310: [Tenured: 87416K->87416K(87424K), 0.0018780 secs] 126642K->123473K(126720K), [Metaspace: 2725K->2725K(1056768K)], 0.0019265 secs] [Times: user=0.00 sys=0.00, real=0.00 secs] 
2020-10-27T23:53:57.723-0800: 0.313: [Full GC (Allocation Failure) 2020-10-27T23:53:57.723-0800: 0.313: [Tenured: 87416K->87394K(87424K), 0.0185963 secs] 126708K->121169K(126720K), [Metaspace: 2725K->2725K(1056768K)], 0.0186619 secs] [Times: user=0.02 sys=0.00, real=0.02 secs] 
2020-10-27T23:53:57.743-0800: 0.333: [Full GC (Allocation Failure) 2020-10-27T23:53:57.743-0800: 0.333: [Tenured: 87394K->87394K(87424K), 0.0019157 secs] 126406K->123424K(126720K), [Metaspace: 2725K->2725K(1056768K)], 0.0019570 secs] [Times: user=0.00 sys=0.00, real=0.00 secs] 
2020-10-27T23:53:57.746-0800: 0.336: [Full GC (Allocation Failure) 2020-10-27T23:53:57.746-0800: 0.336: [Tenured: 87394K->87394K(87424K), 0.0030870 secs] 126601K->123847K(126720K), [Metaspace: 2725K->2725K(1056768K)], 0.0031389 secs] [Times: user=0.01 sys=0.00, real=0.00 secs] 
2020-10-27T23:53:57.750-0800: 0.340: [Full GC (Allocation Failure) 2020-10-27T23:53:57.750-0800: 0.340: [Tenured: 87394K->87394K(87424K), 0.0014637 secs] 126610K->124906K(126720K), [Metaspace: 2725K->2725K(1056768K)], 0.0014991 secs] [Times: user=0.00 sys=0.00, real=0.00 secs] 
2020-10-27T23:53:57.752-0800: 0.342: [Full GC (Allocation Failure) 2020-10-27T23:53:57.752-0800: 0.342: [Tenured: 87394K->87365K(87424K), 0.0183217 secs] 126136K->123574K(126720K), [Metaspace: 2725K->2725K(1056768K)], 0.0183883 secs] [Times: user=0.02 sys=0.00, real=0.02 secs] 
2020-10-27T23:53:57.771-0800: 0.361: [Full GC (Allocation Failure) 2020-10-27T23:53:57.771-0800: 0.361: [Tenured: 87401K->87401K(87424K), 0.0014669 secs] 126668K->124521K(126720K), [Metaspace: 2725K->2725K(1056768K)], 0.0015058 secs] [Times: user=0.00 sys=0.00, real=0.00 secs] 
2020-10-27T23:53:57.773-0800: 0.363: [Full GC (Allocation Failure) 2020-10-27T23:53:57.773-0800: 0.363: [Tenured: 87401K->87401K(87424K), 0.0012236 secs] 126643K->125023K(126720K), [Metaspace: 2725K->2725K(1056768K)], 0.0012547 secs] [Times: user=0.00 sys=0.00, real=0.00 secs] 
2020-10-27T23:53:57.775-0800: 0.365: [Full GC (Allocation Failure) 2020-10-27T23:53:57.775-0800: 0.365: [Tenured: 87401K->87401K(87424K), 0.0012096 secs] 126328K->125533K(126720K), [Metaspace: 2725K->2725K(1056768K)], 0.0012397 secs] [Times: user=0.00 sys=0.00, real=0.00 secs] 
2020-10-27T23:53:57.776-0800: 0.366: [Full GC (Allocation Failure) 2020-10-27T23:53:57.776-0800: 0.366: [Tenured: 87401K->87317K(87424K), 0.0151604 secs] 126595K->124972K(126720K), [Metaspace: 2725K->2725K(1056768K)], 0.0152214 secs] [Times: user=0.02 sys=0.00, real=0.02 secs] 
2020-10-27T23:53:57.792-0800: 0.382: [Full GC (Allocation Failure) 2020-10-27T23:53:57.792-0800: 0.382: [Tenured: 87317K->87317K(87424K), 0.0043154 secs] 126555K->125544K(126720K), [Metaspace: 2725K->2725K(1056768K)], 0.0043565 secs] [Times: user=0.00 sys=0.00, real=0.00 secs] 
2020-10-27T23:53:57.797-0800: 0.387: [Full GC (Allocation Failure) 2020-10-27T23:53:57.797-0800: 0.387: [Tenured: 87317K->87317K(87424K), 0.0012332 secs] 126364K->125616K(126720K), [Metaspace: 2725K->2725K(1056768K)], 0.0012646 secs] [Times: user=0.00 sys=0.00, real=0.00 secs] 
2020-10-27T23:53:57.798-0800: 0.388: [Full GC (Allocation Failure) 2020-10-27T23:53:57.798-0800: 0.388: [Tenured: 87334K->87334K(87424K), 0.0011504 secs] 126629K->126145K(126720K), [Metaspace: 2725K->2725K(1056768K)], 0.0011995 secs] [Times: user=0.01 sys=0.00, real=0.00 secs] 
2020-10-27T23:53:57.799-0800: 0.389: [Full GC (Allocation Failure) 2020-10-27T23:53:57.799-0800: 0.389: [Tenured: 87334K->87064K(87424K), 0.0063568 secs] 126447K->125875K(126720K), [Metaspace: 2725K->2725K(1056768K)], 0.0064093 secs] [Times: user=0.00 sys=0.00, real=0.01 secs] 
2020-10-27T23:53:57.806-0800: 0.396: [Full GC (Allocation Failure) 2020-10-27T23:53:57.806-0800: 0.396: [Tenured: 87406K->87406K(87424K), 0.0014902 secs] 126699K->126441K(126720K), [Metaspace: 2725K->2725K(1056768K)], 0.0015251 secs] [Times: user=0.00 sys=0.00, real=0.00 secs] 
2020-10-27T23:53:57.808-0800: 0.398: [Full GC (Allocation Failure) 2020-10-27T23:53:57.808-0800: 0.398: [Tenured: 87406K->87406K(87424K), 0.0011520 secs] 126661K->126441K(126720K), [Metaspace: 2725K->2725K(1056768K)], 0.0011900 secs] [Times: user=0.00 sys=0.00, real=0.00 secs] 
2020-10-27T23:53:57.809-0800: 0.399: [Full GC (Allocation Failure) 2020-10-27T23:53:57.809-0800: 0.399: [Tenured: 87406K->87406K(87424K), 0.0011207 secs] 126645K->126513K(126720K), [Metaspace: 2725K->2725K(1056768K)], 0.0011508 secs] [Times: user=0.00 sys=0.00, real=0.01 secs] 
2020-10-27T23:53:57.810-0800: 0.400: [Full GC (Allocation Failure) 2020-10-27T23:53:57.810-0800: 0.400: [Tenured: 87406K->87063K(87424K), 0.0040615 secs] 126665K->126242K(126720K), [Metaspace: 2725K->2725K(1056768K)], 0.0040928 secs] [Times: user=0.00 sys=0.00, real=0.00 secs] 
2020-10-27T23:53:57.814-0800: 0.405: [Full GC (Allocation Failure) 2020-10-27T23:53:57.815-0800: 0.405: [Tenured: 87261K->87261K(87424K), 0.0011365 secs] 126554K->126388K(126720K), [Metaspace: 2725K->2725K(1056768K)], 0.0011659 secs] [Times: user=0.00 sys=0.00, real=0.00 secs] 
2020-10-27T23:53:57.816-0800: 0.406: [Full GC (Allocation Failure) 2020-10-27T23:53:57.816-0800: 0.406: [Tenured: 87261K->87081K(87424K), 0.0118133 secs] 126388K->126209K(126720K), [Metaspace: 2725K->2725K(1056768K)], 0.0118411 secs] [Times: user=0.01 sys=0.00, real=0.01 secs] 
2020-10-27T23:53:57.828-0800: 0.418: [Full GC (Allocation Failure) 2020-10-27T23:53:57.828-0800: 0.418: [Tenured: 87377K->87377K(87424K), 0.0011287 secs] 126504K->126504K(126720K), [Metaspace: 2725K->2725K(1056768K)], 0.0011581 secs] [Times: user=0.00 sys=0.00, real=0.00 secs] 
2020-10-27T23:53:57.829-0800: 0.419: [Full GC (Allocation Failure) 2020-10-27T23:53:57.829-0800: 0.419: [Tenured: 87377K->87081K(87424K), 0.0010601 secs] 126504K->126209K(126720K), [Metaspace: 2725K->2725K(1056768K)], 0.0010835 secs] [Times: user=0.01 sys=0.00, real=0.01 secs] 
2020-10-27T23:53:57.830-0800: 0.420: [Full GC (Allocation Failure) 2020-10-27T23:53:57.830-0800: 0.420: [Tenured: 87423K->87423K(87424K), 0.0010807 secs] 126698K->126550K(126720K), [Metaspace: 2725K->2725K(1056768K)], 0.0011107 secs] [Times: user=0.00 sys=0.00, real=0.00 secs] 
2020-10-27T23:53:57.831-0800: 0.421: [Full GC (Allocation Failure) 2020-10-27T23:53:57.831-0800: 0.421: [Tenured: 87423K->87225K(87424K), 0.0010938 secs] 126550K->126353K(126720K), [Metaspace: 2725K->2725K(1056768K)], 0.0011173 secs] [Times: user=0.00 sys=0.00, real=0.00 secs] 
Heap
 def new generation   total 39296K, used 39138K [0x00000007b8000000, 0x00000007baaa0000, 0x00000007baaa0000)
  eden space 34944K, 100% used [0x00000007b8000000, 0x00000007ba220000, 0x00000007ba220000)
  from space 4352K,  96% used [0x00000007ba220000, 0x00000007ba638ae8, 0x00000007ba660000)
  to   space 4352K,   0% used [0x00000007ba660000, 0x00000007ba660000, 0x00000007baaa0000)
 tenured generation   total 87424K, used 87225K [0x00000007baaa0000, 0x00000007c0000000, 0x00000007c0000000)
   the space 87424K,  99% used [0x00000007baaa0000, 0x00000007bffce7b8, 0x00000007bffce800, 0x00000007c0000000)
 Metaspace       used 2756K, capacity 4486K, committed 4864K, reserved 1056768K
  class space    used 299K, capacity 386K, committed 512K, reserved 1048576K
