Java HotSpot(TM) 64-Bit Server VM (25.271-b09) for bsd-amd64 JRE (1.8.0_271-b09), built on Sep 16 2020 16:54:38 by "java_re" with gcc 4.2.1 Compatible Apple LLVM 10.0.0 (clang-1000.11.45.5)
Memory: 4k page, physical 16777216k(1437040k free)

/proc/meminfo:

CommandLine flags: -XX:InitialHeapSize=536870912 -XX:MaxHeapSize=536870912 -XX:+PrintGC -XX:+PrintGCDateStamps -XX:+PrintGCDetails -XX:+PrintGCTimeStamps -XX:+UseCompressedClassPointers -XX:+UseCompressedOops -XX:+UseSerialGC 
2020-10-28T00:14:12.990-0800: 0.157: [GC (Allocation Failure) 2020-10-28T00:14:12.990-0800: 0.157: [DefNew: 139776K->17471K(157248K), 0.0254960 secs] 139776K->44436K(506816K), 0.0256060 secs] [Times: user=0.01 sys=0.01, real=0.02 secs] 
2020-10-28T00:14:13.044-0800: 0.211: [GC (Allocation Failure) 2020-10-28T00:14:13.044-0800: 0.211: [DefNew: 157247K->17471K(157248K), 0.0356039 secs] 184212K->90967K(506816K), 0.0356895 secs] [Times: user=0.02 sys=0.01, real=0.04 secs] 
2020-10-28T00:14:13.101-0800: 0.268: [GC (Allocation Failure) 2020-10-28T00:14:13.101-0800: 0.268: [DefNew: 157247K->17471K(157248K), 0.0222547 secs] 230743K->130608K(506816K), 0.0223338 secs] [Times: user=0.02 sys=0.01, real=0.02 secs] 
2020-10-28T00:14:13.142-0800: 0.309: [GC (Allocation Failure) 2020-10-28T00:14:13.142-0800: 0.309: [DefNew: 157247K->17471K(157248K), 0.0307617 secs] 270384K->181668K(506816K), 0.0308417 secs] [Times: user=0.01 sys=0.01, real=0.03 secs] 
2020-10-28T00:14:13.198-0800: 0.365: [GC (Allocation Failure) 2020-10-28T00:14:13.198-0800: 0.365: [DefNew: 157247K->17471K(157248K), 0.0270713 secs] 321444K->224992K(506816K), 0.0271499 secs] [Times: user=0.01 sys=0.02, real=0.03 secs] 
2020-10-28T00:14:13.246-0800: 0.413: [GC (Allocation Failure) 2020-10-28T00:14:13.246-0800: 0.413: [DefNew: 157247K->17470K(157248K), 0.0269228 secs] 364768K->271127K(506816K), 0.0270157 secs] [Times: user=0.01 sys=0.01, real=0.03 secs] 
2020-10-28T00:14:13.295-0800: 0.462: [GC (Allocation Failure) 2020-10-28T00:14:13.295-0800: 0.462: [DefNew: 157246K->17471K(157248K), 0.0248667 secs] 410903K->311344K(506816K), 0.0249504 secs] [Times: user=0.01 sys=0.01, real=0.03 secs] 
2020-10-28T00:14:13.339-0800: 0.506: [GC (Allocation Failure) 2020-10-28T00:14:13.339-0800: 0.506: [DefNew: 157247K->17469K(157248K), 0.0278136 secs] 451120K->357045K(506816K), 0.0278959 secs] [Times: user=0.02 sys=0.01, real=0.03 secs] 
2020-10-28T00:14:13.384-0800: 0.551: [GC (Allocation Failure) 2020-10-28T00:14:13.385-0800: 0.551: [DefNew: 156886K->156886K(157248K), 0.0000199 secs]2020-10-28T00:14:13.385-0800: 0.551: [Tenured: 339575K->285962K(349568K), 0.0415172 secs] 496462K->285962K(506816K), [Metaspace: 2725K->2725K(1056768K)], 0.0416432 secs] [Times: user=0.05 sys=0.00, real=0.04 secs] 
2020-10-28T00:14:13.449-0800: 0.616: [GC (Allocation Failure) 2020-10-28T00:14:13.449-0800: 0.616: [DefNew: 139776K->17471K(157248K), 0.0065641 secs] 425738K->334632K(506816K), 0.0066572 secs] [Times: user=0.01 sys=0.00, real=0.01 secs] 
2020-10-28T00:14:13.481-0800: 0.648: [GC (Allocation Failure) 2020-10-28T00:14:13.481-0800: 0.648: [DefNew: 157247K->157247K(157248K), 0.0000190 secs]2020-10-28T00:14:13.481-0800: 0.648: [Tenured: 317160K->305098K(349568K), 0.0396193 secs] 474408K->305098K(506816K), [Metaspace: 2725K->2725K(1056768K)], 0.0397397 secs] [Times: user=0.04 sys=0.00, real=0.04 secs] 
2020-10-28T00:14:13.544-0800: 0.711: [GC (Allocation Failure) 2020-10-28T00:14:13.544-0800: 0.711: [DefNew: 139776K->139776K(157248K), 0.0000196 secs]2020-10-28T00:14:13.544-0800: 0.711: [Tenured: 305098K->311109K(349568K), 0.0419755 secs] 444874K->311109K(506816K), [Metaspace: 2725K->2725K(1056768K)], 0.0420974 secs] [Times: user=0.04 sys=0.00, real=0.04 secs] 
2020-10-28T00:14:13.608-0800: 0.775: [GC (Allocation Failure) 2020-10-28T00:14:13.608-0800: 0.775: [DefNew: 139776K->139776K(157248K), 0.0000199 secs]2020-10-28T00:14:13.608-0800: 0.775: [Tenured: 311109K->302299K(349568K), 0.0478686 secs] 450885K->302299K(506816K), [Metaspace: 2725K->2725K(1056768K)], 0.0479893 secs] [Times: user=0.05 sys=0.00, real=0.05 secs] 
2020-10-28T00:14:13.675-0800: 0.842: [GC (Allocation Failure) 2020-10-28T00:14:13.675-0800: 0.842: [DefNew: 139776K->17471K(157248K), 0.0061806 secs] 442075K->347557K(506816K), 0.0062792 secs] [Times: user=0.01 sys=0.00, real=0.01 secs] 
2020-10-28T00:14:13.705-0800: 0.872: [GC (Allocation Failure) 2020-10-28T00:14:13.705-0800: 0.872: [DefNew: 157247K->157247K(157248K), 0.0000159 secs]2020-10-28T00:14:13.705-0800: 0.872: [Tenured: 330085K->330144K(349568K), 0.0411850 secs] 487333K->330144K(506816K), [Metaspace: 2725K->2725K(1056768K)], 0.0412736 secs] [Times: user=0.04 sys=0.00, real=0.04 secs] 
2020-10-28T00:14:13.766-0800: 0.933: [GC (Allocation Failure) 2020-10-28T00:14:13.766-0800: 0.933: [DefNew: 139776K->139776K(157248K), 0.0000354 secs]2020-10-28T00:14:13.766-0800: 0.933: [Tenured: 330144K->334184K(349568K), 0.0436284 secs] 469920K->334184K(506816K), [Metaspace: 2725K->2725K(1056768K)], 0.0437803 secs] [Times: user=0.05 sys=0.00, real=0.05 secs] 
2020-10-28T00:14:13.833-0800: 1.000: [GC (Allocation Failure) 2020-10-28T00:14:13.833-0800: 1.000: [DefNew: 139776K->139776K(157248K), 0.0000157 secs]2020-10-28T00:14:13.833-0800: 1.000: [Tenured: 334184K->345419K(349568K), 0.0451213 secs] 473960K->345419K(506816K), [Metaspace: 2725K->2725K(1056768K)], 0.0452216 secs] [Times: user=0.04 sys=0.00, real=0.04 secs] 
2020-10-28T00:14:13.896-0800: 1.062: [GC (Allocation Failure) 2020-10-28T00:14:13.896-0800: 1.062: [DefNew: 139175K->139175K(157248K), 0.0000161 secs]2020-10-28T00:14:13.896-0800: 1.062: [Tenured: 345419K->333999K(349568K), 0.0536704 secs] 484594K->333999K(506816K), [Metaspace: 2725K->2725K(1056768K)], 0.0537926 secs] [Times: user=0.05 sys=0.00, real=0.05 secs] 
Heap
 def new generation   total 157248K, used 6349K [0x00000007a0000000, 0x00000007aaaa0000, 0x00000007aaaa0000)
  eden space 139776K,   4% used [0x00000007a0000000, 0x00000007a06337d0, 0x00000007a8880000)
  from space 17472K,   0% used [0x00000007a8880000, 0x00000007a8880000, 0x00000007a9990000)
  to   space 17472K,   0% used [0x00000007a9990000, 0x00000007a9990000, 0x00000007aaaa0000)
 tenured generation   total 349568K, used 333999K [0x00000007aaaa0000, 0x00000007c0000000, 0x00000007c0000000)
   the space 349568K,  95% used [0x00000007aaaa0000, 0x00000007bf0cbe28, 0x00000007bf0cc000, 0x00000007c0000000)
 Metaspace       used 2732K, capacity 4486K, committed 4864K, reserved 1056768K
  class space    used 296K, capacity 386K, committed 512K, reserved 1048576K
